 Uebung1

 Timestamp is 6538c78d (Wed Oct 25 09:45:17 2023)

 Preferred load address is 0000000140000000

 Start         Length     Name                   Class
 0001:00000000 00000090H .text$di                CODE
 0001:00000090 000066e0H .text$mn                CODE
 0001:00006770 00000040H .text$mn$00             CODE
 0001:000067b0 0000006dH .text$x                 CODE
 0002:00000000 00000f80H .nep                    CODE
 0003:00000000 000003b0H .idata$5                DATA
 0003:000003b0 00000038H .00cfg                  DATA
 0003:000003e8 00000008H .CRT$XCA                DATA
 0003:000003f0 00000008H .CRT$XCAA               DATA
 0003:000003f8 00000008H .CRT$XCZ                DATA
 0003:00000400 00000008H .CRT$XIA                DATA
 0003:00000408 00000008H .CRT$XIAA               DATA
 0003:00000410 00000008H .CRT$XIAC               DATA
 0003:00000418 00000008H .CRT$XIZ                DATA
 0003:00000420 00000008H .CRT$XPA                DATA
 0003:00000428 00000008H .CRT$XPZ                DATA
 0003:00000430 00000008H .CRT$XTA                DATA
 0003:00000438 00000008H .CRT$XTZ                DATA
 0003:00000440 00000008H .CRTMA$XCA              DATA
 0003:00000448 00000038H .CRTMA$XCC              DATA
 0003:00000480 00000008H .CRTMA$XCZ              DATA
 0003:00000488 00000008H .CRTMP$XCA              DATA
 0003:00000490 00000008H .CRTMP$XCZ              DATA
 0003:00000498 00000008H .CRTVT$XCA              DATA
 0003:000004a0 00000010H .CRTVT$XCZ              DATA
 0003:000004a8 00000000H .gehcont$y              DATA
 0003:000004a8 00000000H .gfids$y                DATA
 0003:000004b0 0001a2d0H .rdata                  DATA
 0003:0001a780 00000080H .rdata$CastGuardVftablesA DATA
 0003:0001a800 00000080H .rdata$CastGuardVftablesC DATA
 0003:0001a880 00000f48H .rdata$ilfixup          DATA
 0003:0001b7c8 0000062cH .rdata$r                DATA
 0003:0001bdf4 00000090H .rdata$voltmd           DATA
 0003:0001be84 00000464H .rdata$zzzdbg           DATA
 0003:0001c2e8 00000008H .rtc$IAA                DATA
 0003:0001c2f0 00000008H .rtc$IZZ                DATA
 0003:0001c2f8 00000008H .rtc$TAA                DATA
 0003:0001c300 00000008H .rtc$TZZ                DATA
 0003:0001c308 00000368H .xdata                  DATA
 0003:0001c670 00000164H .xdata$x                DATA
 0003:0001c7d4 00000000H .edata                  DATA
 0003:0001c7d4 0000008cH .idata$2                DATA
 0003:0001c860 00000018H .idata$3                DATA
 0003:0001c878 000003b0H .idata$4                DATA
 0003:0001cc28 00000b8eH .idata$6                DATA
 0004:00000000 000010a8H .data                   DATA
 0004:000010a8 000001d0H .data$r                 DATA
 0004:00001278 00000028H .data$rs                DATA
 0004:000012a0 000033d0H .bss                    DATA
 0005:00000000 000004a4H .pdata                  DATA
 0006:00000000 00000060H .rsrc$01                DATA
 0006:00000060 00000180H .rsrc$02                DATA

  Address         Publics by Value              Rva+Base               Lib:Object

 0000:00000000       __AbsoluteZero             0000000000000000     <absolute>
 0000:00000000       ___safe_se_handler_count   0000000000000000     <absolute>
 0000:00000000       ___safe_se_handler_table   0000000000000000     <absolute>
 0000:00000000       __arm64x_extra_rfe_table   0000000000000000     <absolute>
 0000:00000000       __arm64x_extra_rfe_table_size 0000000000000000     <absolute>
 0000:00000000       __arm64x_native_entrypoint 0000000000000000     <absolute>
 0000:00000000       __arm64x_redirection_metadata 0000000000000000     <absolute>
 0000:00000000       __arm64x_redirection_metadata_count 0000000000000000     <absolute>
 0000:00000000       __dynamic_value_reloc_table 0000000000000000     <absolute>
 0000:00000000       __enclave_config           0000000000000000     <absolute>
 0000:00000000       __guard_check_icall_a64n_fptr 0000000000000000     <absolute>
 0000:00000000       __guard_eh_cont_count      0000000000000000     <absolute>
 0000:00000000       __guard_eh_cont_table      0000000000000000     <absolute>
 0000:00000000       __guard_fids_count         0000000000000000     <absolute>
 0000:00000000       __guard_fids_table         0000000000000000     <absolute>
 0000:00000000       __guard_iat_count          0000000000000000     <absolute>
 0000:00000000       __guard_iat_table          0000000000000000     <absolute>
 0000:00000000       __guard_longjmp_count      0000000000000000     <absolute>
 0000:00000000       __guard_longjmp_table      0000000000000000     <absolute>
 0000:00000000       __hybrid_auxiliary_delayload_iat 0000000000000000     <absolute>
 0000:00000000       __hybrid_auxiliary_delayload_iat_copy 0000000000000000     <absolute>
 0000:00000000       __hybrid_auxiliary_iat     0000000000000000     <absolute>
 0000:00000000       __hybrid_auxiliary_iat_copy 0000000000000000     <absolute>
 0000:00000000       __hybrid_code_map          0000000000000000     <absolute>
 0000:00000000       __hybrid_code_map_count    0000000000000000     <absolute>
 0000:00000000       __hybrid_image_info_bitfield 0000000000000000     <absolute>
 0000:00000000       __x64_code_ranges_to_entry_points 0000000000000000     <absolute>
 0000:00000000       __x64_code_ranges_to_entry_points_count 0000000000000000     <absolute>
 0000:00000001       ?IsDefaultDomain@CurrentDomain@<CrtImplementationDetails>@@$$Q2_NA 0000000000000001     <absolute>
 0000:00000004       ?Initialized@CurrentDomain@<CrtImplementationDetails>@@$$Q2HA 0000000000000004     <absolute>
 0000:00000004       ?InitializedNative@CurrentDomain@<CrtImplementationDetails>@@$$Q2W4Progress@2@A 0000000000000004     <absolute>
 0000:00000004       ?InitializedPerAppDomain@CurrentDomain@<CrtImplementationDetails>@@$$Q2W4Progress@2@A 0000000000000004     <absolute>
 0000:00000004       ?InitializedPerProcess@CurrentDomain@<CrtImplementationDetails>@@$$Q2W4Progress@2@A 0000000000000004     <absolute>
 0000:00000004       ?InitializedVtables@CurrentDomain@<CrtImplementationDetails>@@$$Q2W4Progress@2@A 0000000000000004     <absolute>
 0000:00000004       ?Uninitialized@CurrentDomain@<CrtImplementationDetails>@@$$Q2HA 0000000000000004     <absolute>
 0000:00000004       ?_ref_count@AtExitLock@<CrtImplementationDetails>@@$$Q0HA 0000000000000004     <absolute>
 0000:00000008       ?__exit_list_size_app_domain@@$$Q3_KA 0000000000000008     <absolute>
 0000:00000008       ?__onexitbegin_app_domain@@$$Q3PEAP6MXXZEA 0000000000000008     <absolute>
 0000:00000008       ?__onexitend_app_domain@@$$Q3PEAP6MXXZEA 0000000000000008     <absolute>
 0000:00000008       ?_lock@AtExitLock@<CrtImplementationDetails>@@$$Q0PEAXEA 0000000000000008     <absolute>
 0000:00000100       __guard_flags              0000000000000100     <absolute>
 0000:00000000       __ImageBase                0000000140000000     <linker-defined>
 0001:00000000       ???__E?Initialized@CurrentDomain@<CrtImplementationDetails>@@$$Q2HA@@YMXXZ@?A0xeb4f7d22@@$$FYMXXZ 0000000140001000 f i MSVCMRTD:mstartup.obj
 0001:00000014       ???__E?Uninitialized@CurrentDomain@<CrtImplementationDetails>@@$$Q2HA@@YMXXZ@?A0xeb4f7d22@@$$FYMXXZ 0000000140001014 f i MSVCMRTD:mstartup.obj
 0001:00000028       ???__E?IsDefaultDomain@CurrentDomain@<CrtImplementationDetails>@@$$Q2_NA@@YMXXZ@?A0xeb4f7d22@@$$FYMXXZ 0000000140001028 f i MSVCMRTD:mstartup.obj
 0001:0000003c       ???__E?InitializedVtables@CurrentDomain@<CrtImplementationDetails>@@$$Q2W4Progress@2@A@@YMXXZ@?A0xeb4f7d22@@$$FYMXXZ 000000014000103c f i MSVCMRTD:mstartup.obj
 0001:00000050       ???__E?InitializedNative@CurrentDomain@<CrtImplementationDetails>@@$$Q2W4Progress@2@A@@YMXXZ@?A0xeb4f7d22@@$$FYMXXZ 0000000140001050 f i MSVCMRTD:mstartup.obj
 0001:00000064       ???__E?InitializedPerProcess@CurrentDomain@<CrtImplementationDetails>@@$$Q2W4Progress@2@A@@YMXXZ@?A0xeb4f7d22@@$$FYMXXZ 0000000140001064 f i MSVCMRTD:mstartup.obj
 0001:00000078       ???__E?InitializedPerAppDomain@CurrentDomain@<CrtImplementationDetails>@@$$Q2W4Progress@2@A@@YMXXZ@?A0xeb4f7d22@@$$FYMXXZ 0000000140001078 f i MSVCMRTD:mstartup.obj
 0001:00000090       ??2@$$FYAPEAX_KPEAXU__clr_placement_new_t@?A0x19e302fa@@@Z 0000000140001090 f i Uebung1.obj
 0001:000000a0       ??0CppInlineNamespaceAttribute@?A0x19e302fa@vc.cppcli.attributes@@$$FQE$AAM@PE$AAVString@System@@@Z 00000001400010a0 f i Uebung1.obj
 0001:000000b4       ??2@$$FYAPEAX_KPEAX@Z      00000001400010b4 f i Uebung1.obj
 0001:000000c4       ?is_constant_evaluated@std@@$$FYA_NXZ 00000001400010c4 f i Uebung1.obj
 0001:000000d4       ??0exception@std@@$$FQEAA@QEBDH@Z 00000001400010d4 f i Uebung1.obj
 0001:000000fc       ??0exception@std@@$$FQEAA@AEBV01@@Z 00000001400010fc f i Uebung1.obj
 0001:00000128       ??1exception@std@@$$FUEAA@XZ 0000000140001128 f i Uebung1.obj
 0001:00000148       ??0bad_alloc@std@@$$FAEAA@QEBD@Z 0000000140001148 f i Uebung1.obj
 0001:00000194       ??1bad_alloc@std@@$$FUEAA@XZ 0000000140001194 f i Uebung1.obj
 0001:000001a8       ??0bad_array_new_length@std@@$$FQEAA@XZ 00000001400011a8 f i Uebung1.obj
 0001:000001f4       ??1exception_ptr@std@@$$FQEAA@XZ 00000001400011f4 f i Uebung1.obj
 0001:00000208       ??0exception_ptr@std@@$$FQEAA@AEBV01@@Z 0000000140001208 f i Uebung1.obj
 0001:00000220       ?_Throw_bad_array_new_length@std@@$$FYAXXZ 0000000140001220 f i Uebung1.obj
 0001:00000244       ??0bad_alloc@std@@$$FQEAA@AEBV01@@Z 0000000140001244 f i Uebung1.obj
 0001:0000028c       ??0bad_array_new_length@std@@$$FQEAA@AEBV01@@Z 000000014000128c f i Uebung1.obj
 0001:000002d4       ?<MarshalCopy>@exception_ptr@std@@$$FSMXPEAV12@0@Z 00000001400012d4 f i Uebung1.obj
 0001:0000030c       ?<MarshalDestroy>@exception_ptr@std@@$$FSMXPEAV12@@Z 000000014000130c f i Uebung1.obj
 0001:00000320       ??0bad_variant_access@std@@$$FQEAA@AEBV01@@Z 0000000140001320 f i Uebung1.obj
 0001:00000368       ?max@?$numeric_limits@_J@std@@$$FSA_JXZ 0000000140001368 f i Uebung1.obj
 0001:00000380       ??0?$tuple@$$V@std@@$$FQEAA@AEBV01@@Z 0000000140001380 f i Uebung1.obj
 0001:00000390       ?_Allocate@_Default_allocate_traits@std@@$$FSAPEAX_K@Z 0000000140001390 f i Uebung1.obj
 0001:000003a8       ?_Adjust_manually_vector_aligned@std@@$$FYAXAEAPEAXAEA_K@Z 00000001400013a8 f i Uebung1.obj
 0001:00000488       ??0_Container_proxy@std@@$$FQEAA@PEAU_Container_base12@1@@Z 0000000140001488 f i Uebung1.obj
 0001:000004a0       ??0_Container_base12@std@@$$FQEAA@XZ 00000001400014a0 f i Uebung1.obj
 0001:000004b4       ?_Orphan_me_unlocked_v3@_Iterator_base12@std@@$$FAEAAXXZ 00000001400014b4 f i Uebung1.obj
 0001:00000530       ?_Swap_proxy_and_iterators_unlocked@_Container_base12@std@@$$FAEAAXAEAU12@@Z 0000000140001530 f i Uebung1.obj
 0001:00000558       ?_Release@_Basic_container_proxy_ptr12@std@@$$FQEAAXXZ 0000000140001558 f i Uebung1.obj
 0001:0000056c       ??0_Basic_container_proxy_ptr12@std@@$$FIEAA@XZ 000000014000156c f i Uebung1.obj
 0001:00000580       ?_Xlen_string@std@@$$FYAXXZ 0000000140001580 f i Uebung1.obj
 0001:00000598       ??1runtime_error@std@@$$FUEAA@XZ 0000000140001598 f i Uebung1.obj
 0001:000005ac       ??0runtime_error@std@@$$FQEAA@AEBV01@@Z 00000001400015ac f i Uebung1.obj
 0001:000005f4       ??0range_error@std@@$$FQEAA@AEBV01@@Z 00000001400015f4 f i Uebung1.obj
 0001:0000063c       ??1_System_error@std@@$$FUEAA@XZ 000000014000163c f i Uebung1.obj
 0001:00000650       ??1system_error@std@@$$FUEAA@XZ 0000000140001650 f i Uebung1.obj
 0001:00000664       ??0_System_error@std@@$$FQEAA@AEBV01@@Z 0000000140001664 f i Uebung1.obj
 0001:000006bc       ??0system_error@std@@$$FQEAA@AEBV01@@Z 00000001400016bc f i Uebung1.obj
 0001:00000704       ??0bad_cast@std@@$$FQEAA@AEBV01@@Z 0000000140001704 f i Uebung1.obj
 0001:0000074c       ??0bad_weak_ptr@std@@$$FQEAA@AEBV01@@Z 000000014000174c f i Uebung1.obj
 0001:00000794       ??0locale@std@@$$FQEAA@AEBV01@@Z 0000000140001794 f i Uebung1.obj
 0001:000007c0       ??0failure@ios_base@std@@$$FQEAA@AEBV012@@Z 00000001400017c0 f i Uebung1.obj
 0001:00000808       ?glutInit_ATEXIT_HACK@?A0x19e302fa@@$$J0YAXPEAHPEAPEAD@Z 0000000140001808 f   Uebung1.obj
 0001:00000824       ?glutCreateWindow_ATEXIT_HACK@?A0x19e302fa@@$$J0YAHPEBD@Z 0000000140001824 f   Uebung1.obj
 0001:00000840       ?manageTexture@@$$FYAXXZ   0000000140001840 f   Uebung1.obj
 0001:00000918       ?reshape@@$$FYAXHH@Z       0000000140001918 f   Uebung1.obj
 0001:00000978       ?clearImage@@$$FYAXVColor@@@Z 0000000140001978 f   Uebung1.obj
 0001:000009f0       ?stuff@@$$FYAXXZ           00000001400019f0 f   Uebung1.obj
 0001:00000b44       ?setPoint@@$$FYAXVPoint@@VColor@@@Z 0000000140001b44 f   Uebung1.obj
 0001:00000c1c       ?bhamLine@@$$FYAXVPoint@@0VColor@@@Z 0000000140001c1c f   Uebung1.obj
 0001:00000d64       ?bhamCircle@@$$FYAXVPoint@@HVColor@@@Z 0000000140001d64 f   Uebung1.obj
 0001:00000d80       ?display@@$$FYAXXZ         0000000140001d80 f   Uebung1.obj
 0001:00000f18       ?main@@$$HYAHHPEAPEAD@Z    0000000140001f18 f   Uebung1.obj
 0001:00000f70       ??0Point@@$$FQEAA@HH@Z     0000000140001f70 f i Uebung1.obj
 0001:00000f88       ??0Color@@$$FQEAA@MMM@Z    0000000140001f88 f i Uebung1.obj
 0001:00000fa8       ??Bsentry@?$basic_ostream@DU?$char_traits@D@std@@@std@@$$FQEBA_NXZ 0000000140001fa8 f i Uebung1.obj
 0001:00000fbc       ??1_Bxty@?$_String_val@U?$_Simple_types@D@std@@@std@@$$FQEAA@XZ 0000000140001fbc f i Uebung1.obj
 0001:00000fcc       ?select_on_container_copy_construction@?$_Default_allocator_traits@V?$allocator@D@std@@@std@@$$FSA?AV?$allocator@D@2@AEBV32@@Z 0000000140001fcc f i Uebung1.obj
 0001:00000fdc       ?eof@?$_Narrow_char_traits@DH@std@@$$FSAHXZ 0000000140001fdc f i Uebung1.obj
 0001:00000fec       ?eq_int_type@?$_Narrow_char_traits@DH@std@@$$FSA_NAEBH0@Z 0000000140001fec f i Uebung1.obj
 0001:00001008       ?length@?$_Narrow_char_traits@DH@std@@$$FSA_KQEBD@Z 0000000140002008 f i Uebung1.obj
 0001:00001028       ?copy@?$_Char_traits@DH@std@@$$FSAPEADQEADQEBD_K@Z 0000000140002028 f i Uebung1.obj
 0001:00001064       ??0?$allocator@D@std@@$$FQEAA@AEBV01@@Z 0000000140002064 f i Uebung1.obj
 0001:00001074       ??1_Sentry_base@?$basic_ostream@DU?$char_traits@D@std@@@std@@$$FQEAA@XZ 0000000140002074 f i Uebung1.obj
 0001:000010a4       ??0_Sentry_base@?$basic_ostream@DU?$char_traits@D@std@@@std@@$$FQEAA@AEAV12@@Z 00000001400020a4 f i Uebung1.obj
 0001:000010d8       ??$max@_K@std@@$$FYAAEB_KAEB_K0@Z 00000001400020d8 f i Uebung1.obj
 0001:000010f4       ?_Get_first@?$_Compressed_pair@V?$allocator@D@std@@V?$_String_val@U?$_Simple_types@D@std@@@2@$00@std@@$$FQEBAAEBV?$allocator@D@2@XZ 00000001400020f4 f i Uebung1.obj
 0001:00001104       ?_Get_first@?$_Compressed_pair@V?$allocator@D@std@@V?$_String_val@U?$_Simple_types@D@std@@@2@$00@std@@$$FQEAAAEAV?$allocator@D@2@XZ 0000000140002104 f i Uebung1.obj
 0001:00001114       ?_Activate_SSO_buffer@?$_String_val@U?$_Simple_types@D@std@@@std@@$$FQEAAXXZ 0000000140002114 f i Uebung1.obj
 0001:00001144       ?_Large_string_engaged@?$_String_val@U?$_Simple_types@D@std@@@std@@$$FQEBA_NXZ 0000000140002144 f i Uebung1.obj
 0001:00001164       ??$exchange@PEAU_Iterator_base12@std@@$$T@std@@$$FYAPEAU_Iterator_base12@0@AEAPEAU10@$$QEA$$T@Z 0000000140002164 f i Uebung1.obj
 0001:0000117c       ??$addressof@U_Container_base12@std@@@std@@$$FYAPEAU_Container_base12@0@AEAU10@@Z 000000014000217c f i Uebung1.obj
 0001:0000118c       ??$flush@DU?$char_traits@D@std@@@std@@$$FYAAEAV?$basic_ostream@DU?$char_traits@D@std@@@0@AEAV10@@Z 000000014000218c f i Uebung1.obj
 0001:000011a4       ??$min@_K@std@@$$FYAAEB_KAEB_K0@Z 00000001400021a4 f i Uebung1.obj
 0001:000011c0       ??$?0D@?$allocator@U_Container_proxy@std@@@std@@$$FQEAA@AEBV?$allocator@D@1@@Z 00000001400021c0 f i Uebung1.obj
 0001:000011d0       ??$move@AEAV?$allocator@D@std@@@std@@$$FYA$$QEAV?$allocator@D@0@AEAV10@@Z 00000001400021d0 f i Uebung1.obj
 0001:000011e0       ??$_Destroy_in_place@PEAD@std@@$$FYAXAEAPEAD@Z 00000001400021e0 f i Uebung1.obj
 0001:000011f0       ??$_Unfancy@D@std@@$$FYAPEADPEAD@Z 00000001400021f0 f i Uebung1.obj
 0001:00001200       ??$_Deallocate@$0BA@$0A@@std@@$$FYAXPEAX_K@Z 0000000140002200 f i Uebung1.obj
 0001:00001238       ??$addressof@V?$_String_val@U?$_Simple_types@D@std@@@std@@@std@@$$FYAPEAV?$_String_val@U?$_Simple_types@D@std@@@0@AEAV10@@Z 0000000140002238 f i Uebung1.obj
 0001:00001248       ??$addressof@$$CBV?$_String_val@U?$_Simple_types@D@std@@@std@@@std@@$$FYAPEBV?$_String_val@U?$_Simple_types@D@std@@@0@AEBV10@@Z 0000000140002248 f i Uebung1.obj
 0001:00001258       ??$addressof@D@std@@$$FYAPEADAEAD@Z 0000000140002258 f i Uebung1.obj
 0001:00001268       ?_Calculate_growth@?$basic_string@DU?$char_traits@D@std@@V?$allocator@D@2@@std@@$$FCA_K_K00@Z 0000000140002268 f i Uebung1.obj
 0001:000012a4       ??0_Bxty@?$_String_val@U?$_Simple_types@D@std@@@std@@$$FQEAA@XZ 00000001400022a4 f i Uebung1.obj
 0001:000012bc       ?max_size@?$_Default_allocator_traits@V?$allocator@D@std@@@std@@$$FSA_KAEBV?$allocator@D@2@@Z 00000001400022bc f i Uebung1.obj
 0001:000012d4       ??$forward@AEBD@std@@$$FYAAEBDAEBD@Z 00000001400022d4 f i Uebung1.obj
 0001:000012e4       ??$addressof@U_Container_proxy@std@@@std@@$$FYAPEAU_Container_proxy@0@AEAU10@@Z 00000001400022e4 f i Uebung1.obj
 0001:000012f4       ??$forward@PEAU_Container_base12@std@@@std@@$$FYA$$QEAPEAU_Container_base12@0@AEAPEAU10@@Z 00000001400022f4 f i Uebung1.obj
 0001:00001304       ??$construct_at@U_Container_proxy@std@@PEAU_Container_base12@2@$0A@@std@@$$FYAPEAU_Container_proxy@0@QEAU10@$$QEAPEAU_Container_base12@0@@Z 0000000140002304 f i Uebung1.obj
 0001:00001328       ??$move@AEAH@std@@$$FYA$$QEAHAEAH@Z 0000000140002328 f i Uebung1.obj
 0001:00001338       ??$forward@V?$allocator@D@std@@@std@@$$FYA$$QEAV?$allocator@D@0@AEAV10@@Z 0000000140002338 f i Uebung1.obj
 0001:00001348       ??$_Unfancy@U_Container_proxy@std@@@std@@$$FYAPEAU_Container_proxy@0@PEAU10@@Z 0000000140002348 f i Uebung1.obj
 0001:00001358       ??$addressof@PEAD@std@@$$FYAPEAPEADAEAPEAD@Z 0000000140002358 f i Uebung1.obj
 0001:00001368       ??$forward@AEAPEAD@std@@$$FYAAEAPEADAEAPEAD@Z 0000000140002368 f i Uebung1.obj
 0001:00001378       ??$construct_at@PEADAEAPEAD$0A@@std@@$$FYAPEAPEADQEAPEADAEAPEAD@Z 0000000140002378 f i Uebung1.obj
 0001:0000139c       ??$_Get_size_of_n@$0BA@@std@@$$FYA_K_K@Z 000000014000239c f i Uebung1.obj
 0001:000013d0       ??$construct_at@D$$V$0A@@std@@$$FYAPEADQEAD@Z 00000001400023d0 f i Uebung1.obj
 0001:000013f4       ??$_Get_size_of_n@$00@std@@$$FYA_K_K@Z 00000001400023f4 f i Uebung1.obj
 0001:00001408       ?deallocate@?$allocator@U_Container_proxy@std@@@std@@$$FQEAAXQEAU_Container_proxy@2@_K@Z 0000000140002408 f i Uebung1.obj
 0001:0000146c       ??$forward@AEBQEAD@std@@$$FYAAEBQEADAEBQEAD@Z 000000014000246c f i Uebung1.obj
 0001:0000147c       ??$construct_at@PEADAEBQEAD$0A@@std@@$$FYAPEAPEADQEAPEADAEBQEAD@Z 000000014000247c f i Uebung1.obj
 0001:000014a0       ??$_Allocate_manually_vector_aligned@U_Default_allocate_traits@std@@@std@@$$FYAPEAX_K@Z 00000001400024a0 f i Uebung1.obj
 0001:00001544       ?_Swap_proxy_and_iterators_locked@_Container_base12@std@@$$FAEAAXAEAU12@@Z 0000000140002544 f i Uebung1.obj
 0001:00001594       ?_Adopt_unlocked@_Iterator_base12@std@@$$FAEAAXPEBU_Container_base12@2@@Z 0000000140002594 f i Uebung1.obj
 0001:000015d4       ?_Orphan_all_unlocked_v3@_Container_base12@std@@$$FAEAAXXZ 00000001400025d4 f i Uebung1.obj
 0001:00001608       ?_Swap_proxy_and_iterators@_Container_base12@std@@$$FQEAAXAEAU12@@Z 0000000140002608 f i Uebung1.obj
 0001:0000162c       ??1?$_String_val@U?$_Simple_types@D@std@@@std@@$$FQEAA@XZ 000000014000262c f i Uebung1.obj
 0001:00001644       ??1?$_Compressed_pair@V?$allocator@D@std@@V?$_String_val@U?$_Simple_types@D@std@@@2@$00@std@@$$FQEAA@XZ 0000000140002644 f i Uebung1.obj
 0001:00001658       ??1sentry@?$basic_ostream@DU?$char_traits@D@std@@@std@@$$FQEAA@XZ 0000000140002658 f i Uebung1.obj
 0001:000016b4       ??0sentry@?$basic_ostream@DU?$char_traits@D@std@@@std@@$$FQEAA@AEAV12@@Z 00000001400026b4 f i Uebung1.obj
 0001:00001748       ?_Getal@?$basic_string@DU?$char_traits@D@std@@V?$allocator@D@2@@std@@$$FAEBAAEBV?$allocator@D@2@XZ 0000000140002748 f i Uebung1.obj
 0001:00001760       ?_Getal@?$basic_string@DU?$char_traits@D@std@@V?$allocator@D@2@@std@@$$FAEAAAEAV?$allocator@D@2@XZ 0000000140002760 f i Uebung1.obj
 0001:00001778       ?_Myptr@?$_String_val@U?$_Simple_types@D@std@@@std@@$$FQEBAPEBDXZ 0000000140002778 f i Uebung1.obj
 0001:000017a0       ?_Swap_proxy_and_iterators@?$basic_string@DU?$char_traits@D@std@@V?$allocator@D@2@@std@@$$FAEAAXAEAV12@@Z 00000001400027a0 f i Uebung1.obj
 0001:000017b4       ?_Memcpy_val_from@?$basic_string@DU?$char_traits@D@std@@V?$allocator@D@2@@std@@$$FAEAAXAEBV12@@Z 00000001400027b4 f i Uebung1.obj
 0001:000017e0       ?deallocate@?$allocator@D@std@@$$FQEAAXQEAD_K@Z 00000001400027e0 f i Uebung1.obj
 0001:00001840       ??$_Construct_in_place@U_Container_proxy@std@@PEAU_Container_base12@2@@std@@$$FYAXAEAU_Container_proxy@0@$$QEAPEAU_Container_base12@0@@Z 0000000140002840 f i Uebung1.obj
 0001:00001888       ??$swap@H$0A@@std@@$$FYAXAEAH0@Z 0000000140002888 f i Uebung1.obj
 0001:000018b0       ??$?6U?$char_traits@D@std@@@std@@$$FYAAEAV?$basic_ostream@DU?$char_traits@D@std@@@0@AEAV10@PEBD@Z 00000001400028b0 f i Uebung1.obj
 0001:00001b0c       ??$_Construct_in_place@PEADAEAPEAD@std@@$$FYAXAEAPEAD0@Z 0000000140002b0c f i Uebung1.obj
 0001:00001b4c       ??$construct_at@DAEBD$0A@@std@@$$FYAPEADQEADAEBD@Z 0000000140002b4c f i Uebung1.obj
 0001:00001b70       ?max_size@?$basic_string@DU?$char_traits@D@std@@V?$allocator@D@2@@std@@$$FQEBA_KXZ 0000000140002b70 f i Uebung1.obj
 0001:00001bb4       ?_Start_element_lifetimes@?$basic_string@DU?$char_traits@D@std@@V?$allocator@D@2@@std@@$$FCAXQEAD_K@Z 0000000140002bb4 f i Uebung1.obj
 0001:00001be4       ??0?$_String_val@U?$_Simple_types@D@std@@@std@@$$FQEAA@XZ 0000000140002be4 f i Uebung1.obj
 0001:00001c44       ??$_Construct_in_place@PEADAEBQEAD@std@@$$FYAXAEAPEADAEBQEAD@Z 0000000140002c44 f i Uebung1.obj
 0001:00001c84       ??$_Allocate@$0BA@U_Default_allocate_traits@std@@$0A@@std@@$$FYAPEAX_K@Z 0000000140002c84 f i Uebung1.obj
 0001:00001cbc       ?deallocate@?$_Default_allocator_traits@V?$allocator@U_Container_proxy@std@@@std@@@std@@$$FSAXAEAV?$allocator@U_Container_proxy@std@@@2@QEAU_Container_proxy@2@_K@Z 0000000140002cbc f i Uebung1.obj
 0001:00001ce8       ?_Orphan_all_locked_v3@_Container_base12@std@@$$FAEAAXXZ 0000000140002ce8 f i Uebung1.obj
 0001:00001d38       ?_Assign_unlocked@_Iterator_base12@std@@$$FAEAAXAEBU12@@Z 0000000140002d38 f i Uebung1.obj
 0001:00001d64       ?_Assign_locked@_Iterator_base12@std@@$$FAEAAXAEBU12@@Z 0000000140002d64 f i Uebung1.obj
 0001:00001db4       ?_Orphan_all@_Container_base12@std@@$$FQEAAXXZ 0000000140002db4 f i Uebung1.obj
 0001:00001dd8       ?assign@?$_Char_traits@DH@std@@$$FSAXAEADAEBD@Z 0000000140002dd8 f i Uebung1.obj
 0001:00001e00       ??$?0V?$allocator@D@std@@$$V@?$_Compressed_pair@V?$allocator@D@std@@V?$_String_val@U?$_Simple_types@D@std@@@2@$00@std@@$$FQEAA@U_One_then_variadic_args_t@1@$$QEAV?$allocator@D@1@@Z 0000000140002e00 f i Uebung1.obj
 0001:00001e1c       ?allocate@?$allocator@U_Container_proxy@std@@@std@@$$FQEAAPEAU_Container_proxy@2@_K@Z 0000000140002e1c f i Uebung1.obj
 0001:00001e38       ?_Calculate_growth@?$basic_string@DU?$char_traits@D@std@@V?$allocator@D@2@@std@@$$FAEBA_K_K@Z 0000000140002e38 f i Uebung1.obj
 0001:00001e60       ?allocate@?$allocator@D@std@@$$FQEAAPEAD_K@Z 0000000140002e60 f i Uebung1.obj
 0001:00001e7c       ??$_Deallocate_plain@V?$allocator@U_Container_proxy@std@@@std@@@std@@$$FYAXAEAV?$allocator@U_Container_proxy@std@@@0@QEAU_Container_proxy@0@@Z 0000000140002e7c f i Uebung1.obj
 0001:00001e94       ??4_Iterator_base12@std@@$$FQEAAAEAU01@AEBU01@@Z 0000000140002e94 f i Uebung1.obj
 0001:00001ebc       ?assign@?$_Narrow_char_traits@DH@std@@$$FSAXAEADAEBD@Z 0000000140002ebc f i Uebung1.obj
 0001:00001ee0       ??$_Delete_plain_internal@V?$allocator@U_Container_proxy@std@@@std@@@std@@$$FYAXAEAV?$allocator@U_Container_proxy@std@@@0@QEAU_Container_proxy@0@@Z 0000000140002ee0 f i Uebung1.obj
 0001:00001ef4       ??$_Alloc_proxy@V?$allocator@U_Container_proxy@std@@@std@@@_Container_base12@std@@$$FQEAAX$$QEAV?$allocator@U_Container_proxy@std@@@1@@Z 0000000140002ef4 f i Uebung1.obj
 0001:00001f20       ??1?$_Container_proxy_ptr12@V?$allocator@U_Container_proxy@std@@@std@@@std@@$$FQEAA@XZ 0000000140002f20 f i Uebung1.obj
 0001:00001f40       ??0?$_Container_proxy_ptr12@V?$allocator@U_Container_proxy@std@@@std@@@std@@$$FQEAA@AEAV?$allocator@U_Container_proxy@std@@@1@AEAU_Container_base12@1@@Z 0000000140002f40 f i Uebung1.obj
 0001:00001f80       ??0_Iterator_base12@std@@$$FQEAA@AEBU01@@Z 0000000140002f80 f i Uebung1.obj
 0001:00001fa4       ?_Tidy_deallocate@?$basic_string@DU?$char_traits@D@std@@V?$allocator@D@2@@std@@$$FAEAAXXZ 0000000140002fa4 f i Uebung1.obj
 0001:00002014       ?_Tidy_init@?$basic_string@DU?$char_traits@D@std@@V?$allocator@D@2@@std@@$$FAEAAXXZ 0000000140003014 f i Uebung1.obj
 0001:00002050       ?_Take_contents@?$basic_string@DU?$char_traits@D@std@@V?$allocator@D@2@@std@@$$FAEAAXAEAV12@@Z 0000000140003050 f i Uebung1.obj
 0001:000020f4       ??$_Construct@$01PEBD@?$basic_string@DU?$char_traits@D@std@@V?$allocator@D@2@@std@@$$FAEAAXQEBD_K@Z 00000001400030f4 f i Uebung1.obj
 0001:00002224       ??1?$basic_string@DU?$char_traits@D@std@@V?$allocator@D@2@@std@@$$FQEAA@XZ 0000000140003224 f i Uebung1.obj
 0001:00002288       ??0?$basic_string@DU?$char_traits@D@std@@V?$allocator@D@2@@std@@$$FQEAA@$$QEAV01@@Z 0000000140003288 f i Uebung1.obj
 0001:000022f0       ??0?$basic_string@DU?$char_traits@D@std@@V?$allocator@D@2@@std@@$$FQEAA@AEBV01@@Z 00000001400032f0 f i Uebung1.obj
 0001:00002358       ?<MarshalCopy>@?$basic_string@DU?$char_traits@D@std@@V?$allocator@D@2@@std@@$$FSMXPEAV12@0@Z 0000000140003358 f i Uebung1.obj
 0001:00002390       ?<MarshalDestroy>@?$basic_string@DU?$char_traits@D@std@@V?$allocator@D@2@@std@@$$FSMXPEAV12@@Z 0000000140003390 f i Uebung1.obj
 0001:000023a4       ??_Eexception@std@@$$FUEAAPEAXI@Z 00000001400033a4 f i Uebung1.obj
 0001:00002404       ?what@exception@std@@$$FUEBAPEBDXZ 0000000140003404 f i Uebung1.obj
 0001:00002428       ??_Ebad_alloc@std@@$$FUEAAPEAXI@Z 0000000140003428 f i Uebung1.obj
 0001:00002488       ??_Ebad_array_new_length@std@@$$FUEAAPEAXI@Z 0000000140003488 f i Uebung1.obj
 0001:000024e8       ??1bad_array_new_length@std@@$$FUEAA@XZ 00000001400034e8 f i Uebung1.obj
 0001:000024fc       ??_Ebad_variant_access@std@@$$FUEAAPEAXI@Z 00000001400034fc f i Uebung1.obj
 0001:0000255c       ??1bad_variant_access@std@@$$FUEAA@XZ 000000014000355c f i Uebung1.obj
 0001:00002570       ?what@bad_variant_access@std@@$$FUEBAPEBDXZ 0000000140003570 f i Uebung1.obj
 0001:00002584       ??_Eruntime_error@std@@$$FUEAAPEAXI@Z 0000000140003584 f i Uebung1.obj
 0001:000025e4       ??_Erange_error@std@@$$FUEAAPEAXI@Z 00000001400035e4 f i Uebung1.obj
 0001:00002644       ??1range_error@std@@$$FUEAA@XZ 0000000140003644 f i Uebung1.obj
 0001:00002658       ??_E_System_error@std@@$$FUEAAPEAXI@Z 0000000140003658 f i Uebung1.obj
 0001:000026b8       ??_Esystem_error@std@@$$FUEAAPEAXI@Z 00000001400036b8 f i Uebung1.obj
 0001:00002718       ??_Ebad_cast@std@@$$FUEAAPEAXI@Z 0000000140003718 f i Uebung1.obj
 0001:00002778       ??1bad_cast@std@@$$FUEAA@XZ 0000000140003778 f i Uebung1.obj
 0001:0000278c       ??_Ebad_weak_ptr@std@@$$FUEAAPEAXI@Z 000000014000378c f i Uebung1.obj
 0001:000027ec       ??1bad_weak_ptr@std@@$$FUEAA@XZ 00000001400037ec f i Uebung1.obj
 0001:00002800       ?what@bad_weak_ptr@std@@$$FUEBAPEBDXZ 0000000140003800 f i Uebung1.obj
 0001:00002814       ??_Efailure@ios_base@std@@$$FUEAAPEAXI@Z 0000000140003814 f i Uebung1.obj
 0001:00002874       ??1failure@ios_base@std@@$$FUEAA@XZ 0000000140003874 f i Uebung1.obj
 0001:00002888       ??0CppInlineNamespaceAttribute@?A0x71cc0e25@vc.cppcli.attributes@@$$FQE$AAM@PE$AAVString@System@@@Z 0000000140003888 f i .NETFramework,Version=v4.7.2.AssemblyAttributes.obj
 0001:000028a0       ??1type_info@@UEAA@XZ      00000001400038a0 f   MSVCRTD:std_type_info_static.obj
 0001:000028c0       ??_Etype_info@@UEAAPEAXI@Z 00000001400038c0 f i MSVCRTD:std_type_info_static.obj
 0001:000028c0       ??_Gtype_info@@UEAAPEAXI@Z 00000001400038c0 f i MSVCRTD:std_type_info_static.obj
 0001:00002900       ??0bad_alloc@std@@AEAA@QEBD@Z 0000000140003900 f i MSVCRTD:throw_bad_alloc.obj
 0001:00002940       ??0bad_alloc@std@@QEAA@AEBV01@@Z 0000000140003940 f i MSVCRTD:throw_bad_alloc.obj
 0001:00002980       ??0bad_alloc@std@@QEAA@XZ  0000000140003980 f i MSVCRTD:throw_bad_alloc.obj
 0001:000029c0       ??0bad_array_new_length@std@@QEAA@AEBV01@@Z 00000001400039c0 f i MSVCRTD:throw_bad_alloc.obj
 0001:00002a00       ??0bad_array_new_length@std@@QEAA@XZ 0000000140003a00 f i MSVCRTD:throw_bad_alloc.obj
 0001:00002a40       ??0exception@std@@QEAA@AEBV01@@Z 0000000140003a40 f i MSVCRTD:throw_bad_alloc.obj
 0001:00002aa0       ??0exception@std@@QEAA@QEBDH@Z 0000000140003aa0 f i MSVCRTD:throw_bad_alloc.obj
 0001:00002af0       ??1bad_alloc@std@@UEAA@XZ  0000000140003af0 f i MSVCRTD:throw_bad_alloc.obj
 0001:00002b10       ??1bad_array_new_length@std@@UEAA@XZ 0000000140003b10 f i MSVCRTD:throw_bad_alloc.obj
 0001:00002b30       ??1exception@std@@UEAA@XZ  0000000140003b30 f i MSVCRTD:throw_bad_alloc.obj
 0001:00002b60       ??_Gbad_alloc@std@@UEAAPEAXI@Z 0000000140003b60 f i MSVCRTD:throw_bad_alloc.obj
 0001:00002ba0       ??_Gbad_array_new_length@std@@UEAAPEAXI@Z 0000000140003ba0 f i MSVCRTD:throw_bad_alloc.obj
 0001:00002be0       ??_Gexception@std@@UEAAPEAXI@Z 0000000140003be0 f i MSVCRTD:throw_bad_alloc.obj
 0001:00002c20       ?__scrt_throw_std_bad_alloc@@YAXXZ 0000000140003c20 f   MSVCRTD:throw_bad_alloc.obj
 0001:00002c50       ?__scrt_throw_std_bad_array_new_length@@YAXXZ 0000000140003c50 f   MSVCRTD:throw_bad_alloc.obj
 0001:00002c80       ?what@exception@std@@UEBAPEBDXZ 0000000140003c80 f i MSVCRTD:throw_bad_alloc.obj
 0001:00002f70       ?configure_argv@__scrt_narrow_argv_policy@@SAHXZ 0000000140003f70 f i MSVCRTD:exe_main.obj
 0001:00002f90       ?initialize_environment@__scrt_narrow_environment_policy@@SAHXZ 0000000140003f90 f i MSVCRTD:exe_main.obj
 0001:00002fe0       ?set_app_type@__scrt_main_policy@@SAXXZ 0000000140003fe0 f i MSVCRTD:exe_main.obj
 0001:00003000       ?set_commode@__scrt_file_policy@@SAXXZ 0000000140004000 f i MSVCRTD:exe_main.obj
 0001:00003020       ?set_fmode@__scrt_file_policy@@SAXXZ 0000000140004020 f i MSVCRTD:exe_main.obj
 0001:00003040       mainCRTStartup             0000000140004040 f   MSVCRTD:exe_main.obj
 0001:00003060       ??3@$$FYAXPEAX_K@Z         0000000140004060 f   MSVCRTD:delete_scalar_size.obj
 0001:00003060       ??3@YAXPEAX_K@Z            0000000140004060 f   MSVCRTD:delete_scalar_size.obj
 0001:000031e0       NtCurrentTeb               00000001400041e0 f i MSVCRTD:utility.obj
 0001:000031f0       __scrt_acquire_startup_lock 00000001400041f0 f   MSVCRTD:utility.obj
 0001:00003260       __scrt_dllmain_after_initialize_c 0000000140004260 f   MSVCRTD:utility.obj
 0001:00003290       __scrt_dllmain_before_initialize_c 0000000140004290 f   MSVCRTD:utility.obj
 0001:000032b0       __scrt_dllmain_crt_thread_attach 00000001400042b0 f   MSVCRTD:utility.obj
 0001:000032e0       __scrt_dllmain_crt_thread_detach 00000001400042e0 f   MSVCRTD:utility.obj
 0001:00003300       __scrt_dllmain_exception_filter 0000000140004300 f   MSVCRTD:utility.obj
 0001:00003370       __scrt_dllmain_uninitialize_c 0000000140004370 f   MSVCRTD:utility.obj
 0001:000033a0       __scrt_dllmain_uninitialize_critical 00000001400043a0 f   MSVCRTD:utility.obj
 0001:000033c0       __scrt_initialize_crt      00000001400043c0 f   MSVCRTD:utility.obj
 0001:00003410       __scrt_initialize_onexit_tables 0000000140004410 f   MSVCRTD:utility.obj
 0001:00003520       __scrt_is_nonwritable_in_current_image 0000000140004520 f   MSVCRTD:utility.obj
 0001:000035b0       __scrt_release_startup_lock 00000001400045b0 f   MSVCRTD:utility.obj
 0001:000035e0       __scrt_uninitialize_crt    00000001400045e0 f   MSVCRTD:utility.obj
 0001:00003620       _onexit                    0000000140004620 f   MSVCRTD:utility.obj
 0001:000036a0       at_quick_exit              00000001400046a0 f   MSVCRTD:utility.obj
 0001:000036f0       atexit                     00000001400046f0 f   MSVCRTD:utility.obj
 0001:000037f0       ?__security_init_cookie@@$$J0YAXXZ 00000001400047f0 f   MSVCRTD:gs_support.obj
 0001:000037f0       __security_init_cookie     00000001400047f0 f   MSVCRTD:gs_support.obj
 0001:00003870       _matherr                   0000000140004870 f   MSVCRTD:matherr.obj
 0001:00003880       _get_startup_argv_mode     0000000140004880 f   MSVCRTD:argv_mode.obj
 0001:00003890       _get_startup_commit_mode   0000000140004890 f   MSVCRTD:commit_mode.obj
 0001:000038a0       _get_startup_file_mode     00000001400048a0 f   MSVCRTD:file_mode.obj
 0001:000038b0       _get_startup_new_mode      00000001400048b0 f   MSVCRTD:new_mode.obj
 0001:000038c0       _get_startup_thread_locale_mode 00000001400048c0 f   MSVCRTD:thread_locale.obj
 0001:000038d0       ?__scrt_initialize_type_info@@YAXXZ 00000001400048d0 f   MSVCRTD:tncleanup.obj
 0001:000038f0       ?__scrt_uninitialize_type_info@@YAXXZ 00000001400048f0 f   MSVCRTD:tncleanup.obj
 0001:00003910       _should_initialize_environment 0000000140004910 f   MSVCRTD:env_mode.obj
 0001:00003920       _initialize_invalid_parameter_handler 0000000140004920 f   MSVCRTD:invalid_parameter_handler.obj
 0001:00003930       _initialize_denormal_control 0000000140004930 f   MSVCRTD:denormal_control.obj
 0001:00003940       __local_stdio_printf_options 0000000140004940 f i MSVCRTD:default_local_stdio_options.obj
 0001:00003950       __local_stdio_scanf_options 0000000140004950 f i MSVCRTD:default_local_stdio_options.obj
 0001:00003960       __scrt_initialize_default_local_stdio_options 0000000140004960 f   MSVCRTD:default_local_stdio_options.obj
 0001:000039b0       __scrt_is_user_matherr_present 00000001400049b0 f   MSVCRTD:matherr_detection.obj
 0001:000039e0       __scrt_get_dyn_tls_init_callback 00000001400049e0 f   MSVCRTD:dyn_tls_init.obj
 0001:000039f0       __scrt_get_dyn_tls_dtor_callback 00000001400049f0 f   MSVCRTD:dyn_tls_dtor.obj
 0001:00003a00       __crt_debugger_hook        0000000140004a00 f   MSVCRTD:utility_desktop.obj
 0001:00003a10       __scrt_fastfail            0000000140004a10 f   MSVCRTD:utility_desktop.obj
 0001:00003bb0       __scrt_get_show_window_mode 0000000140004bb0 f   MSVCRTD:utility_desktop.obj
 0001:00003c10       __scrt_initialize_mta      0000000140004c10 f   MSVCRTD:utility_desktop.obj
 0001:00003c20       __scrt_initialize_winrt    0000000140004c20 f   MSVCRTD:utility_desktop.obj
 0001:00003c30       __scrt_is_managed_app      0000000140004c30 f   MSVCRTD:utility_desktop.obj
 0001:00003ce0       __scrt_set_unhandled_exception_filter 0000000140004ce0 f   MSVCRTD:utility_desktop.obj
 0001:00003d00       __scrt_exe_initialize_mta  0000000140004d00 f   MSVCRTD:utility_desktop.obj
 0001:00003d00       __scrt_stub_for_initialize_mta 0000000140004d00 f   MSVCRTD:utility_desktop.obj
 0001:00003d10       __scrt_unhandled_exception_filter 0000000140004d10 f   MSVCRTD:utility_desktop.obj
 0001:00003db0       _RTC_Initialize            0000000140004db0 f   MSVCRTD:initsect.obj
 0001:00003e00       _RTC_Terminate             0000000140004e00 f   MSVCRTD:initsect.obj
 0001:00003e50       _guard_check_icall_nop     0000000140004e50 f i MSVCRTD:guard_support.obj
 0001:00003e60       ReadNoFence64              0000000140004e60 f i MSVCRTD:guard_support.obj
 0001:00003e80       ReadPointerNoFence         0000000140004e80 f i MSVCRTD:guard_support.obj
 0001:00003ea0       __castguard_check_failure_debugbreak 0000000140004ea0 f i MSVCRTD:guard_support.obj
 0001:00003ec0       __castguard_check_failure_fastfail 0000000140004ec0 f i MSVCRTD:guard_support.obj
 0001:00003ef0       __castguard_check_failure_nop 0000000140004ef0 f i MSVCRTD:guard_support.obj
 0001:00003f00       __castguard_check_failure_os_handled 0000000140004f00 f i MSVCRTD:guard_support.obj
 0001:00003f60       __castguard_check_failure_user_handled 0000000140004f60 f i MSVCRTD:guard_support.obj
 0001:00004040       __castguard_set_user_handler 0000000140005040 f i MSVCRTD:guard_support.obj
 0001:00004070       __castguard_slow_path_check_debugbreak 0000000140005070 f i MSVCRTD:guard_support.obj
 0001:000040b0       __castguard_slow_path_check_fastfail 00000001400050b0 f i MSVCRTD:guard_support.obj
 0001:00004100       __castguard_slow_path_check_nop 0000000140005100 f i MSVCRTD:guard_support.obj
 0001:00004110       __castguard_slow_path_check_os_handled 0000000140005110 f i MSVCRTD:guard_support.obj
 0001:00004160       __castguard_slow_path_check_user_handled 0000000140005160 f i MSVCRTD:guard_support.obj
 0001:00004220       _guard_icall_checks_enforced 0000000140005220 f i MSVCRTD:guard_support.obj
 0001:00004260       _guard_rf_checks_enforced  0000000140005260 f i MSVCRTD:guard_support.obj
 0001:00004270       ??3@$$FYAXPEAX@Z           0000000140005270 f   MSVCRTD:delete_scalar.obj
 0001:00004270       ??3@YAXPEAX@Z              0000000140005270 f   MSVCRTD:delete_scalar.obj
 0001:00004290       __isa_available_init       0000000140005290 f   MSVCRTD:cpu_disp.obj
 0001:00004640       __scrt_is_ucrt_dll_in_use  0000000140005640 f   MSVCRTD:ucrt_detection.obj
 0001:00004670       __GSHandlerCheck           0000000140005670 f   MSVCRTD:gshandler.obj
 0001:000046b0       __GSHandlerCheckCommon     00000001400056b0 f   MSVCRTD:gshandler.obj
 0001:000047c0       __security_check_cookie    00000001400057c0 f   MSVCRTD:amdsecgs.obj
 0001:000047e0       __raise_securityfailure    00000001400057e0 f   MSVCRTD:gs_report.obj
 0001:00004820       __report_gsfailure         0000000140005820 f   MSVCRTD:gs_report.obj
 0001:00004900       __report_rangecheckfailure 0000000140005900 f   MSVCRTD:gs_report.obj
 0001:00004920       __report_securityfailure   0000000140005920 f   MSVCRTD:gs_report.obj
 0001:000049c0       __report_securityfailureEx 00000001400059c0 f   MSVCRTD:gs_report.obj
 0001:00004c24       ??0CppInlineNamespaceAttribute@?A0x88c8ed9d@vc.cppcli.attributes@@$$FQE$AAM@PE$AAVString@System@@@Z 0000000140005c24 f i MSVCMRTD:managdeh.obj
 0001:00004c38       ?___CxxCallUnwindDtor@@$$J0YMXP6MXPEAX@Z0@Z 0000000140005c38 f   MSVCMRTD:managdeh.obj
 0001:00004c7c       ?___CxxCallUnwindDelDtor@@$$J0YMXP6MXPEAX@Z0@Z 0000000140005c7c f   MSVCMRTD:managdeh.obj
 0001:00004cc0       ?___CxxCallUnwindVecDtor@@$$J0YMXP6MXPEAX_KHP6MX0@Z@Z01H2@Z 0000000140005cc0 f   MSVCMRTD:managdeh.obj
 0001:00004d08       ??0CppInlineNamespaceAttribute@?A0x9c83a709@vc.cppcli.attributes@@$$FQE$AAM@PE$AAVString@System@@@Z 0000000140005d08 f i MSVCMRTD:mehvecdtr.obj
 0001:00004d1c       ?ArrayUnwindFilter@?A0x9c83a709@@$$FYAHPEAU_EXCEPTION_POINTERS@@@Z 0000000140005d1c f   MSVCMRTD:mehvecdtr.obj
 0001:00004d54       ?__ArrayUnwind@@$$FYMXPEAX_K1P6MX0@Z@Z 0000000140005d54 f   MSVCMRTD:mehvecdtr.obj
 0001:00004db0       ??_M@$$FYMXPEAX_K1P6MX0@Z@Z 0000000140005db0 f   MSVCMRTD:mehvecdtr.obj
 0001:00004e10       ??_M@$$FYMXPEAX_KHP6MX0@Z@Z 0000000140005e10 f   MSVCMRTD:mehvecdtr.obj
 0001:00004e28       ??0CppInlineNamespaceAttribute@?A0xeb4f7d22@vc.cppcli.attributes@@$$FQE$AAM@PE$AAVString@System@@@Z 0000000140005e28 f i MSVCMRTD:mstartup.obj
 0001:00004e3c       ??0Exception@<CrtImplementationDetails>@@$$FQE$AAM@PE$AAVString@System@@@Z 0000000140005e3c f i MSVCMRTD:mstartup.obj
 0001:00004e50       ??0Exception@<CrtImplementationDetails>@@$$FQE$AAM@PE$AAVString@System@@PE$AAV03@@Z 0000000140005e50 f i MSVCMRTD:mstartup.obj
 0001:00004e68       ??0Exception@<CrtImplementationDetails>@@$$FIE$AAM@PE$AAVSerializationInfo@Serialization@Runtime@System@@VStreamingContext@345@@Z 0000000140005e68 f i MSVCMRTD:mstartup.obj
 0001:00004e80       ??0ModuleLoadException@<CrtImplementationDetails>@@$$FQE$AAM@PE$AAVString@System@@@Z 0000000140005e80 f i MSVCMRTD:mstartup.obj
 0001:00004e94       ??0ModuleLoadException@<CrtImplementationDetails>@@$$FQE$AAM@PE$AAVString@System@@PE$AAVException@3@@Z 0000000140005e94 f i MSVCMRTD:mstartup.obj
 0001:00004eac       ??0ModuleLoadException@<CrtImplementationDetails>@@$$FIE$AAM@PE$AAVSerializationInfo@Serialization@Runtime@System@@VStreamingContext@345@@Z 0000000140005eac f i MSVCMRTD:mstartup.obj
 0001:00004ec4       ?get@NestedException@ModuleLoadExceptionHandlerException@<CrtImplementationDetails>@@$$FQE$AAMPE$AAVException@System@@XZ 0000000140005ec4 f i MSVCMRTD:mstartup.obj
 0001:00004edc       ?set@NestedException@ModuleLoadExceptionHandlerException@<CrtImplementationDetails>@@$$FQE$AAMXPE$AAVException@System@@@Z 0000000140005edc f i MSVCMRTD:mstartup.obj
 0001:00004ef0       ?ToString@ModuleLoadExceptionHandlerException@<CrtImplementationDetails>@@$$FUE$AAMPE$AAVString@System@@XZ 0000000140005ef0 f i MSVCMRTD:mstartup.obj
 0001:00004fac       ?GetObjectData@ModuleLoadExceptionHandlerException@<CrtImplementationDetails>@@$$FUE$AAMXPE$AAVSerializationInfo@Serialization@Runtime@System@@VStreamingContext@456@@Z 0000000140005fac f i MSVCMRTD:mstartup.obj
 0001:00004fe8       ??0ModuleLoadExceptionHandlerException@<CrtImplementationDetails>@@$$FIE$AAM@PE$AAVSerializationInfo@Serialization@Runtime@System@@VStreamingContext@345@@Z 0000000140005fe8 f i MSVCMRTD:mstartup.obj
 0001:00005028       ?ThrowModuleLoadException@<CrtImplementationDetails>@@$$FYMXPE$AAVString@System@@@Z 0000000140006028 f i MSVCMRTD:mstartup.obj
 0001:0000503c       ?ThrowModuleLoadException@<CrtImplementationDetails>@@$$FYMXPE$AAVString@System@@PE$AAVException@3@@Z 000000014000603c f i MSVCMRTD:mstartup.obj
 0001:00005054       ?AddHandler@ModuleUninitializer@<CrtImplementationDetails>@@$$FQE$AAMXPE$AAVEventHandler@System@@@Z 0000000140006054 f i MSVCMRTD:mstartup.obj
 0001:000050b4       ?SingletonDomainUnload@ModuleUninitializer@<CrtImplementationDetails>@@$$FAE$AAMXPE$AAVObject@System@@PE$AAVEventArgs@4@@Z 00000001400060b4 f i MSVCMRTD:mstartup.obj
 0001:00005164       ?RegisterModuleUninitializer@<CrtImplementationDetails>@@$$FYMXPE$AAVEventHandler@System@@@Z 0000000140006164 f i MSVCMRTD:mstartup.obj
 0001:0000517c       ?FromGUID@<CrtImplementationDetails>@@$$FYM?AVGuid@System@@AEBU_GUID@@@Z 000000014000617c f i MSVCMRTD:mstartup.obj
 0001:000051f4       ?__get_default_appdomain@@$$FYAJPEAPEAUIUnknown@@@Z 00000001400061f4 f i MSVCMRTD:mstartup.obj
 0001:00005280       ?__release_appdomain@@$$FYAXPEAUIUnknown@@@Z 0000000140006280 f i MSVCMRTD:mstartup.obj
 0001:0000529c       ?GetDefaultDomain@<CrtImplementationDetails>@@$$FYMPE$AAVAppDomain@System@@XZ 000000014000629c f i MSVCMRTD:mstartup.obj
 0001:00005320       ?DoCallBackInDefaultDomain@<CrtImplementationDetails>@@$$FYAXP6AJPEAX@Z0@Z 0000000140006320 f i MSVCMRTD:mstartup.obj
 0001:000053b4       ??0OpenMPWithMultipleAppdomainsException@<CrtImplementationDetails>@@$$FQE$AAM@XZ 00000001400063b4 f i MSVCMRTD:mstartup.obj
 0001:000053c8       ??0OpenMPWithMultipleAppdomainsException@<CrtImplementationDetails>@@$$FIE$AAM@PE$AAVSerializationInfo@Serialization@Runtime@System@@VStreamingContext@345@@Z 00000001400063c8 f i MSVCMRTD:mstartup.obj
 0001:000053e0       ?__scrt_is_safe_for_managed_code@@$$FYA_NXZ 00000001400063e0 f i MSVCMRTD:mstartup.obj
 0001:00005410       ?_getFiberPtrId@@$$FYAPEAXXZ 0000000140006410 f   MSVCMRTD:mstartup.obj
 0001:00005410       ?_getFiberPtrId@@YAPEAXXZ  0000000140006410 f   MSVCMRTD:mstartup.obj
 0001:00005424       ?DoNothing@DefaultDomain@<CrtImplementationDetails>@@$$FCAJPEAX@Z 0000000140006424 f i MSVCMRTD:mstartup.obj
 0001:00005444       ?HasPerProcess@DefaultDomain@<CrtImplementationDetails>@@$$FSA_NXZ 0000000140006444 f i MSVCMRTD:mstartup.obj
 0001:00005498       ?HasNative@DefaultDomain@<CrtImplementationDetails>@@$$FSA_NXZ 0000000140006498 f i MSVCMRTD:mstartup.obj
 0001:00005510       ?NeedsInitialization@DefaultDomain@<CrtImplementationDetails>@@$$FSA_NXZ 0000000140006510 f i MSVCMRTD:mstartup.obj
 0001:0000554c       ?NeedsUninitialization@DefaultDomain@<CrtImplementationDetails>@@$$FSA_NXZ 000000014000654c f i MSVCMRTD:mstartup.obj
 0001:00005560       ?Initialize@DefaultDomain@<CrtImplementationDetails>@@$$FSAXXZ 0000000140006560 f i MSVCMRTD:mstartup.obj
 0001:0000557c       ?UninitializeAppDomain@LanguageSupport@<CrtImplementationDetails>@@$$FCAXXZ 000000014000657c f i MSVCMRTD:mstartup.obj
 0001:00005590       ?_UninitializeDefaultDomain@LanguageSupport@<CrtImplementationDetails>@@$$FCAJPEAX@Z 0000000140006590 f i MSVCMRTD:mstartup.obj
 0001:000055e4       ?UninitializeDefaultDomain@LanguageSupport@<CrtImplementationDetails>@@$$FCAXXZ 00000001400065e4 f i MSVCMRTD:mstartup.obj
 0001:0000561c       ?DomainUnload@LanguageSupport@<CrtImplementationDetails>@@$$FCMXPE$AAVObject@System@@PE$AAVEventArgs@4@@Z 000000014000661c f i MSVCMRTD:mstartup.obj
 0001:0000565c       ??B?$gcroot@PE$AAVString@System@@@@$$FQEBMPE$AAVString@System@@XZ 000000014000665c f i MSVCMRTD:mstartup.obj
 0001:00005684       ??4?$gcroot@PE$AAVString@System@@@@$$FQEAMAEAU0@PE$AAVString@System@@@Z 0000000140006684 f i MSVCMRTD:mstartup.obj
 0001:000056ac       ??1?$gcroot@PE$AAVString@System@@@@$$FQEAA@XZ 00000001400066ac f i MSVCMRTD:mstartup.obj
 0001:000056d4       ??0?$gcroot@PE$AAVString@System@@@@$$FQEAA@XZ 00000001400066d4 f i MSVCMRTD:mstartup.obj
 0001:000056f8       ??0ModuleLoadExceptionHandlerException@<CrtImplementationDetails>@@$$FQE$AAM@PE$AAVString@System@@PE$AAVException@3@1@Z 00000001400066f8 f i MSVCMRTD:mstartup.obj
 0001:00005714       ?ThrowNestedModuleLoadException@<CrtImplementationDetails>@@$$FYMXPE$AAVException@System@@0@Z 0000000140006714 f i MSVCMRTD:mstartup.obj
 0001:00005730       ??0ModuleUninitializer@<CrtImplementationDetails>@@$$FAE$AAM@XZ 0000000140006730 f i MSVCMRTD:mstartup.obj
 0001:00005768       ?InitializeVtables@LanguageSupport@<CrtImplementationDetails>@@$$FAEAAXXZ 0000000140006768 f i MSVCMRTD:mstartup.obj
 0001:0000579c       ?InitializeDefaultAppDomain@LanguageSupport@<CrtImplementationDetails>@@$$FAEAAXXZ 000000014000679c f i MSVCMRTD:mstartup.obj
 0001:000057bc       ?InitializeNative@LanguageSupport@<CrtImplementationDetails>@@$$FAEAAXXZ 00000001400067bc f i MSVCMRTD:mstartup.obj
 0001:0000585c       ?InitializePerProcess@LanguageSupport@<CrtImplementationDetails>@@$$FAEAAXXZ 000000014000685c f i MSVCMRTD:mstartup.obj
 0001:000058ac       ?InitializePerAppDomain@LanguageSupport@<CrtImplementationDetails>@@$$FAEAAXXZ 00000001400068ac f i MSVCMRTD:mstartup.obj
 0001:000058e8       ?InitializeUninitializer@LanguageSupport@<CrtImplementationDetails>@@$$FAEAAXXZ 00000001400068e8 f i MSVCMRTD:mstartup.obj
 0001:00005918       ?_Initialize@LanguageSupport@<CrtImplementationDetails>@@$$FAEAAXXZ 0000000140006918 f i MSVCMRTD:mstartup.obj
 0001:00005a10       ?Cleanup@LanguageSupport@<CrtImplementationDetails>@@$$FAEAMXPE$AAVException@System@@@Z 0000000140006a10 f i MSVCMRTD:mstartup.obj
 0001:00005a8c       ??0LanguageSupport@<CrtImplementationDetails>@@$$FQEAA@XZ 0000000140006a8c f i MSVCMRTD:mstartup.obj
 0001:00005aa4       ??1LanguageSupport@<CrtImplementationDetails>@@$$FQEAA@XZ 0000000140006aa4 f i MSVCMRTD:mstartup.obj
 0001:00005ab8       ?Initialize@LanguageSupport@<CrtImplementationDetails>@@$$FQEAAXXZ 0000000140006ab8 f i MSVCMRTD:mstartup.obj
 0001:00005b78       ?.cctor@@$$FYMXXZ          0000000140006b78 f   MSVCMRTD:mstartup.obj
 0001:00005bc8       ?.cctor@ModuleUninitializer@<CrtImplementationDetails>@@$$FCMXXZ 0000000140006bc8 f i MSVCMRTD:mstartup.obj
 0001:00005bec       ??0CppInlineNamespaceAttribute@?A0xdf32f105@vc.cppcli.attributes@@$$FQE$AAM@PE$AAVString@System@@@Z 0000000140006bec f i MSVCMRTD:msilexit.obj
 0001:00005c00       ?_handle@AtExitLock@<CrtImplementationDetails>@@$$FCMPE$AA__ZVGCHandle@InteropServices@Runtime@System@@XZ 0000000140006c00 f i MSVCMRTD:msilexit.obj
 0001:00005c34       ?_lock_Set@AtExitLock@<CrtImplementationDetails>@@$$FCMXPE$AAVObject@System@@@Z 0000000140006c34 f i MSVCMRTD:msilexit.obj
 0001:00005c84       ?_lock_Get@AtExitLock@<CrtImplementationDetails>@@$$FCMPE$AAVObject@System@@XZ 0000000140006c84 f i MSVCMRTD:msilexit.obj
 0001:00005cb0       ?_lock_Destruct@AtExitLock@<CrtImplementationDetails>@@$$FCAXXZ 0000000140006cb0 f i MSVCMRTD:msilexit.obj
 0001:00005cdc       ?IsInitialized@AtExitLock@<CrtImplementationDetails>@@$$FSA_NXZ 0000000140006cdc f i MSVCMRTD:msilexit.obj
 0001:00005cf8       ?RemoveRef@AtExitLock@<CrtImplementationDetails>@@$$FSAXXZ 0000000140006cf8 f i MSVCMRTD:msilexit.obj
 0001:00005d4c       ?Enter@AtExitLock@<CrtImplementationDetails>@@$$FSAXXZ 0000000140006d4c f i MSVCMRTD:msilexit.obj
 0001:00005d64       ?Exit@AtExitLock@<CrtImplementationDetails>@@$$FSAXXZ 0000000140006d64 f i MSVCMRTD:msilexit.obj
 0001:00005d7c       ?__global_lock@?A0xdf32f105@@$$FYA_NXZ 0000000140006d7c f   MSVCMRTD:msilexit.obj
 0001:00005d9c       ?__global_unlock@?A0xdf32f105@@$$FYA_NXZ 0000000140006d9c f   MSVCMRTD:msilexit.obj
 0001:00005dbc       ?__dealloc_global_lock@?A0xdf32f105@@$$FYAXXZ 0000000140006dbc f   MSVCMRTD:msilexit.obj
 0001:00005dd0       ?_atexit_helper@@$$J0YMHP6MXXZPEA_KPEAPEAP6MXXZ2@Z 0000000140006dd0 f   MSVCMRTD:msilexit.obj
 0001:00005f50       ?_exit_callback@@$$J0YMXXZ 0000000140006f50 f   MSVCMRTD:msilexit.obj
 0001:00006040       ?_atexit_m@@$$J0YMHP6MXXZ@Z 0000000140007040 f   MSVCMRTD:msilexit.obj
 0001:00006084       ?_app_exit_callback@@$$J0YMXXZ 0000000140007084 f   MSVCMRTD:msilexit.obj
 0001:00006174       ?_atexit_m_appdomain@@$$J0YMHP6MXXZ@Z 0000000140007174 f   MSVCMRTD:msilexit.obj
 0001:000061a0       ?_lock_Construct@AtExitLock@<CrtImplementationDetails>@@$$FCMXPE$AAVObject@System@@@Z 00000001400071a0 f i MSVCMRTD:msilexit.obj
 0001:000061bc       ?AddRef@AtExitLock@<CrtImplementationDetails>@@$$FSAXXZ 00000001400071bc f i MSVCMRTD:msilexit.obj
 0001:000061ec       ?__alloc_global_lock@?A0xdf32f105@@$$FYA_NXZ 00000001400071ec f   MSVCMRTD:msilexit.obj
 0001:00006208       ?_initatexit_m@@$$J0YMHXZ  0000000140007208 f   MSVCMRTD:msilexit.obj
 0001:0000626c       ?_onexit_m@@$$J0YMP6MHXZP6MHXZ@Z 000000014000726c f   MSVCMRTD:msilexit.obj
 0001:000062a4       ?_initatexit_app_domain@@$$J0YMHXZ 00000001400072a4 f   MSVCMRTD:msilexit.obj
 0001:000062ec       ?_onexit_m_appdomain@@$$J0YMP6MHXZP6MHXZ@Z 00000001400072ec f   MSVCMRTD:msilexit.obj
 0001:0000630c       ??0CppInlineNamespaceAttribute@?A0x91c65320@vc.cppcli.attributes@@$$FQE$AAM@PE$AAVString@System@@@Z 000000014000730c f i MSVCMRTD:pureMSILcode.obj
 0001:00006320       ?_initterm_e@@$$FYMHPEAP6AHXZ0@Z 0000000140007320 f   MSVCMRTD:pureMSILcode.obj
 0001:00006350       ?_initterm@@$$FYMXPEAP6AXXZ0@Z 0000000140007350 f   MSVCMRTD:pureMSILcode.obj
 0001:00006374       ?Handle@ThisModule@<CrtImplementationDetails>@@$$FCM?AVModuleHandle@System@@XZ 0000000140007374 f i MSVCMRTD:pureMSILcode.obj
 0001:00006398       ??$ResolveMethod@$$A6MPEBXXZ@ThisModule@<CrtImplementationDetails>@@$$FSMP6MPEBXXZP6MPEBXXZ@Z 0000000140007398 f i MSVCMRTD:pureMSILcode.obj
 0001:000063c8       ?_initterm_m@@$$FYMXPEBQ6MPEBXXZ0@Z 00000001400073c8 f   MSVCMRTD:pureMSILcode.obj
 0001:000063f4       QueryPerformanceCounter    00000001400073f4 f   kernel32:KERNEL32.dll
 0001:000063fa       GetCurrentProcessId        00000001400073fa f   kernel32:KERNEL32.dll
 0001:00006400       GetCurrentThreadId         0000000140007400 f   kernel32:KERNEL32.dll
 0001:00006406       GetSystemTimeAsFileTime    0000000140007406 f   kernel32:KERNEL32.dll
 0001:0000640c       InitializeSListHead        000000014000740c f   kernel32:KERNEL32.dll
 0001:00006412       RtlCaptureContext          0000000140007412 f   kernel32:KERNEL32.dll
 0001:00006418       RtlLookupFunctionEntry     0000000140007418 f   kernel32:KERNEL32.dll
 0001:0000641e       RtlVirtualUnwind           000000014000741e f   kernel32:KERNEL32.dll
 0001:00006424       IsDebuggerPresent          0000000140007424 f   kernel32:KERNEL32.dll
 0001:0000642a       UnhandledExceptionFilter   000000014000742a f   kernel32:KERNEL32.dll
 0001:00006430       SetUnhandledExceptionFilter 0000000140007430 f   kernel32:KERNEL32.dll
 0001:00006436       GetStartupInfoW            0000000140007436 f   kernel32:KERNEL32.dll
 0001:0000643c       IsProcessorFeaturePresent  000000014000743c f   kernel32:KERNEL32.dll
 0001:00006442       GetModuleHandleW           0000000140007442 f   kernel32:KERNEL32.dll
 0001:00006448       GetCurrentProcess          0000000140007448 f   kernel32:KERNEL32.dll
 0001:0000644e       TerminateProcess           000000014000744e f   kernel32:KERNEL32.dll
 0001:00006454       ?__std_exception_copy@@$$J0YAXPEBU__std_exception_data@@PEAU1@@Z 0000000140007454 f   vcruntimed:VCRUNTIME140D.dll
 0001:00006454       __std_exception_copy       0000000140007454 f   vcruntimed:VCRUNTIME140D.dll
 0001:0000645a       ?__std_exception_destroy@@$$J0YAXPEAU__std_exception_data@@@Z 000000014000745a f   vcruntimed:VCRUNTIME140D.dll
 0001:0000645a       __std_exception_destroy    000000014000745a f   vcruntimed:VCRUNTIME140D.dll
 0001:00006460       ?_CxxThrowException@@$$J0YAXPEAXPEBU_s__ThrowInfo@@@Z 0000000140007460 f   vcruntimed:VCRUNTIME140D.dll
 0001:00006460       _CxxThrowException         0000000140007460 f   vcruntimed:VCRUNTIME140D.dll
 0001:00006466       __C_specific_handler       0000000140007466 f   vcruntimed:VCRUNTIME140D.dll
 0001:0000646c       __std_type_info_destroy_list 000000014000746c f   vcruntimed:VCRUNTIME140D.dll
 0001:00006472       ?__current_exception@@$$J0YAPEAPEAXXZ 0000000140007472 f   vcruntimed:VCRUNTIME140D.dll
 0001:00006472       __current_exception        0000000140007472 f   vcruntimed:VCRUNTIME140D.dll
 0001:00006478       ?__current_exception_context@@$$J0YAPEAPEAXXZ 0000000140007478 f   vcruntimed:VCRUNTIME140D.dll
 0001:00006478       __current_exception_context 0000000140007478 f   vcruntimed:VCRUNTIME140D.dll
 0001:0000647e       exit                       000000014000747e f   ucrtd:ucrtbased.dll
 0001:00006484       _seh_filter_exe            0000000140007484 f   ucrtd:ucrtbased.dll
 0001:0000648a       _set_app_type              000000014000748a f   ucrtd:ucrtbased.dll
 0001:00006490       __setusermatherr           0000000140007490 f   ucrtd:ucrtbased.dll
 0001:00006496       _configure_narrow_argv     0000000140007496 f   ucrtd:ucrtbased.dll
 0001:0000649c       _initialize_narrow_environment 000000014000749c f   ucrtd:ucrtbased.dll
 0001:000064a2       _get_initial_narrow_environment 00000001400074a2 f   ucrtd:ucrtbased.dll
 0001:000064a8       _initterm                  00000001400074a8 f   ucrtd:ucrtbased.dll
 0001:000064ae       _initterm_e                00000001400074ae f   ucrtd:ucrtbased.dll
 0001:000064b4       _exit                      00000001400074b4 f   ucrtd:ucrtbased.dll
 0001:000064ba       _set_fmode                 00000001400074ba f   ucrtd:ucrtbased.dll
 0001:000064c0       __p___argc                 00000001400074c0 f   ucrtd:ucrtbased.dll
 0001:000064c6       __p___argv                 00000001400074c6 f   ucrtd:ucrtbased.dll
 0001:000064cc       ?_cexit@@$$J0YAXXZ         00000001400074cc f   ucrtd:ucrtbased.dll
 0001:000064cc       _cexit                     00000001400074cc f   ucrtd:ucrtbased.dll
 0001:000064d2       _c_exit                    00000001400074d2 f   ucrtd:ucrtbased.dll
 0001:000064d8       _register_thread_local_exe_atexit_callback 00000001400074d8 f   ucrtd:ucrtbased.dll
 0001:000064de       _configthreadlocale        00000001400074de f   ucrtd:ucrtbased.dll
 0001:000064e4       _set_new_mode              00000001400074e4 f   ucrtd:ucrtbased.dll
 0001:000064ea       __p__commode               00000001400074ea f   ucrtd:ucrtbased.dll
 0001:000064f0       _seh_filter_dll            00000001400074f0 f   ucrtd:ucrtbased.dll
 0001:000064f6       _initialize_onexit_table   00000001400074f6 f   ucrtd:ucrtbased.dll
 0001:000064fc       _register_onexit_function  00000001400074fc f   ucrtd:ucrtbased.dll
 0001:00006502       _execute_onexit_table      0000000140007502 f   ucrtd:ucrtbased.dll
 0001:00006508       _crt_atexit                0000000140007508 f   ucrtd:ucrtbased.dll
 0001:0000650e       _crt_at_quick_exit         000000014000750e f   ucrtd:ucrtbased.dll
 0001:00006514       ?terminate@@$$J0YAXXZ      0000000140007514 f   ucrtd:ucrtbased.dll
 0001:00006514       terminate                  0000000140007514 f   ucrtd:ucrtbased.dll
 0001:0000651a       _free_dbg                  000000014000751a f   ucrtd:ucrtbased.dll
 0001:00006520       __acrt_initialize          0000000140007520 f   MSVCRTD:ucrt_stubs.obj
 0001:00006520       __scrt_stub_for_acrt_initialize 0000000140007520 f   MSVCRTD:ucrt_stubs.obj
 0001:00006520       __vcrt_initialize          0000000140007520 f   MSVCRTD:ucrt_stubs.obj
 0001:00006530       __acrt_thread_attach       0000000140007530 f   MSVCRTD:ucrt_stubs.obj
 0001:00006530       __scrt_stub_for_acrt_thread_attach 0000000140007530 f   MSVCRTD:ucrt_stubs.obj
 0001:00006530       __vcrt_thread_attach       0000000140007530 f   MSVCRTD:ucrt_stubs.obj
 0001:00006540       __acrt_thread_detach       0000000140007540 f   MSVCRTD:ucrt_stubs.obj
 0001:00006540       __scrt_stub_for_acrt_thread_detach 0000000140007540 f   MSVCRTD:ucrt_stubs.obj
 0001:00006540       __vcrt_thread_detach       0000000140007540 f   MSVCRTD:ucrt_stubs.obj
 0001:00006550       __acrt_uninitialize        0000000140007550 f   MSVCRTD:ucrt_stubs.obj
 0001:00006550       __scrt_stub_for_acrt_uninitialize 0000000140007550 f   MSVCRTD:ucrt_stubs.obj
 0001:00006550       __vcrt_uninitialize        0000000140007550 f   MSVCRTD:ucrt_stubs.obj
 0001:00006560       __acrt_uninitialize_critical 0000000140007560 f   MSVCRTD:ucrt_stubs.obj
 0001:00006560       __scrt_stub_for_acrt_uninitialize_critical 0000000140007560 f   MSVCRTD:ucrt_stubs.obj
 0001:00006560       __vcrt_uninitialize_critical 0000000140007560 f   MSVCRTD:ucrt_stubs.obj
 0001:00006570       __scrt_stub_for_is_c_termination_complete 0000000140007570 f   MSVCRTD:ucrt_stubs.obj
 0001:00006570       _is_c_termination_complete 0000000140007570 f   MSVCRTD:ucrt_stubs.obj
 0001:00006573       ?__ExceptionPtrDestroy@@$$FYAXPEAX@Z 0000000140007573 f   msvcprtd:MSVCP140D.dll
 0001:00006573       ?__ExceptionPtrDestroy@@YAXPEAX@Z 0000000140007573 f   msvcprtd:MSVCP140D.dll
 0001:00006579       ?__ExceptionPtrCopy@@$$FYAXPEAXPEBX@Z 0000000140007579 f   msvcprtd:MSVCP140D.dll
 0001:00006579       ?__ExceptionPtrCopy@@YAXPEAXPEBX@Z 0000000140007579 f   msvcprtd:MSVCP140D.dll
 0001:0000657f       ?_Xlength_error@std@@$$FYAXPEBD@Z 000000014000757f f   msvcprtd:MSVCP140D.dll
 0001:0000657f       ?_Xlength_error@std@@YAXPEBD@Z 000000014000757f f   msvcprtd:MSVCP140D.dll
 0001:00006585       ?rdbuf@?$basic_ios@DU?$char_traits@D@std@@@std@@$$FQEBAPEAV?$basic_streambuf@DU?$char_traits@D@std@@@2@XZ 0000000140007585 f   msvcprtd:MSVCP140D.dll
 0001:00006585       ?rdbuf@?$basic_ios@DU?$char_traits@D@std@@@std@@QEBAPEAV?$basic_streambuf@DU?$char_traits@D@std@@@2@XZ 0000000140007585 f   msvcprtd:MSVCP140D.dll
 0001:0000658b       ?flush@?$basic_ostream@DU?$char_traits@D@std@@@std@@$$FQEAAAEAV12@XZ 000000014000758b f   msvcprtd:MSVCP140D.dll
 0001:0000658b       ?flush@?$basic_ostream@DU?$char_traits@D@std@@@std@@QEAAAEAV12@XZ 000000014000758b f   msvcprtd:MSVCP140D.dll
 0001:00006591       ??0_Lockit@std@@$$FQEAA@H@Z 0000000140007591 f   msvcprtd:MSVCP140D.dll
 0001:00006591       ??0_Lockit@std@@QEAA@H@Z   0000000140007591 f   msvcprtd:MSVCP140D.dll
 0001:00006597       ??1_Lockit@std@@$$FQEAA@XZ 0000000140007597 f   msvcprtd:MSVCP140D.dll
 0001:00006597       ??1_Lockit@std@@QEAA@XZ    0000000140007597 f   msvcprtd:MSVCP140D.dll
 0001:0000659d       ?uncaught_exceptions@std@@$$FYAHXZ 000000014000759d f   msvcprtd:MSVCP140D.dll
 0001:0000659d       ?uncaught_exceptions@std@@YAHXZ 000000014000759d f   msvcprtd:MSVCP140D.dll
 0001:000065a3       ?_Osfx@?$basic_ostream@DU?$char_traits@D@std@@@std@@$$FQEAAXXZ 00000001400075a3 f   msvcprtd:MSVCP140D.dll
 0001:000065a3       ?_Osfx@?$basic_ostream@DU?$char_traits@D@std@@@std@@QEAAXXZ 00000001400075a3 f   msvcprtd:MSVCP140D.dll
 0001:000065a9       ?good@ios_base@std@@$$FQEBA_NXZ 00000001400075a9 f   msvcprtd:MSVCP140D.dll
 0001:000065a9       ?good@ios_base@std@@QEBA_NXZ 00000001400075a9 f   msvcprtd:MSVCP140D.dll
 0001:000065af       ?tie@?$basic_ios@DU?$char_traits@D@std@@@std@@$$FQEBAPEAV?$basic_ostream@DU?$char_traits@D@std@@@2@XZ 00000001400075af f   msvcprtd:MSVCP140D.dll
 0001:000065af       ?tie@?$basic_ios@DU?$char_traits@D@std@@@std@@QEBAPEAV?$basic_ostream@DU?$char_traits@D@std@@@2@XZ 00000001400075af f   msvcprtd:MSVCP140D.dll
 0001:000065b5       ?width@ios_base@std@@$$FQEBA_JXZ 00000001400075b5 f   msvcprtd:MSVCP140D.dll
 0001:000065b5       ?width@ios_base@std@@QEBA_JXZ 00000001400075b5 f   msvcprtd:MSVCP140D.dll
 0001:000065bb       ?flags@ios_base@std@@$$FQEBAHXZ 00000001400075bb f   msvcprtd:MSVCP140D.dll
 0001:000065bb       ?flags@ios_base@std@@QEBAHXZ 00000001400075bb f   msvcprtd:MSVCP140D.dll
 0001:000065c1       ?fill@?$basic_ios@DU?$char_traits@D@std@@@std@@$$FQEBADXZ 00000001400075c1 f   msvcprtd:MSVCP140D.dll
 0001:000065c1       ?fill@?$basic_ios@DU?$char_traits@D@std@@@std@@QEBADXZ 00000001400075c1 f   msvcprtd:MSVCP140D.dll
 0001:000065c7       ?sputc@?$basic_streambuf@DU?$char_traits@D@std@@@std@@$$FQEAAHD@Z 00000001400075c7 f   msvcprtd:MSVCP140D.dll
 0001:000065c7       ?sputc@?$basic_streambuf@DU?$char_traits@D@std@@@std@@QEAAHD@Z 00000001400075c7 f   msvcprtd:MSVCP140D.dll
 0001:000065cd       ?sputn@?$basic_streambuf@DU?$char_traits@D@std@@@std@@$$FQEAA_JPEBD_J@Z 00000001400075cd f   msvcprtd:MSVCP140D.dll
 0001:000065cd       ?sputn@?$basic_streambuf@DU?$char_traits@D@std@@@std@@QEAA_JPEBD_J@Z 00000001400075cd f   msvcprtd:MSVCP140D.dll
 0001:000065d3       ?width@ios_base@std@@$$FQEAA_J_J@Z 00000001400075d3 f   msvcprtd:MSVCP140D.dll
 0001:000065d3       ?width@ios_base@std@@QEAA_J_J@Z 00000001400075d3 f   msvcprtd:MSVCP140D.dll
 0001:000065d9       ?setstate@?$basic_ios@DU?$char_traits@D@std@@@std@@$$FQEAAXH_N@Z 00000001400075d9 f   msvcprtd:MSVCP140D.dll
 0001:000065d9       ?setstate@?$basic_ios@DU?$char_traits@D@std@@@std@@QEAAXH_N@Z 00000001400075d9 f   msvcprtd:MSVCP140D.dll
 0001:000065df       ??6?$basic_ostream@DU?$char_traits@D@std@@@std@@$$FQEAAAEAV01@H@Z 00000001400075df f   msvcprtd:MSVCP140D.dll
 0001:000065df       ??6?$basic_ostream@DU?$char_traits@D@std@@@std@@QEAAAEAV01@H@Z 00000001400075df f   msvcprtd:MSVCP140D.dll
 0001:000065e5       ??6?$basic_ostream@DU?$char_traits@D@std@@@std@@$$FQEAAAEAV01@P6AAEAV01@AEAV01@@Z@Z 00000001400075e5 f   msvcprtd:MSVCP140D.dll
 0001:000065e5       ??6?$basic_ostream@DU?$char_traits@D@std@@@std@@QEAAAEAV01@P6AAEAV01@AEAV01@@Z@Z 00000001400075e5 f   msvcprtd:MSVCP140D.dll
 0001:000065eb       ?__glutInitWithExit@@$$J0YAXPEAHPEAPEADP6AXH@Z@Z 00000001400075eb f   freeglut:freeglut.dll
 0001:000065eb       __glutInitWithExit         00000001400075eb f   freeglut:freeglut.dll
 0001:000065f1       ?__glutCreateWindowWithExit@@$$J0YAHPEBDP6AXH@Z@Z 00000001400075f1 f   freeglut:freeglut.dll
 0001:000065f1       __glutCreateWindowWithExit 00000001400075f1 f   freeglut:freeglut.dll
 0001:000065f7       ?glutPostRedisplay@@$$J0YAXXZ 00000001400075f7 f   freeglut:freeglut.dll
 0001:000065f7       glutPostRedisplay          00000001400075f7 f   freeglut:freeglut.dll
 0001:000065fd       ?glutInitWindowSize@@$$J0YAXHH@Z 00000001400075fd f   freeglut:freeglut.dll
 0001:000065fd       glutInitWindowSize         00000001400075fd f   freeglut:freeglut.dll
 0001:00006603       ?glutReshapeFunc@@$$J0YAXP6AXHH@Z@Z 0000000140007603 f   freeglut:freeglut.dll
 0001:00006603       glutReshapeFunc            0000000140007603 f   freeglut:freeglut.dll
 0001:00006609       ?glutDisplayFunc@@$$J0YAXP6AXXZ@Z 0000000140007609 f   freeglut:freeglut.dll
 0001:00006609       glutDisplayFunc            0000000140007609 f   freeglut:freeglut.dll
 0001:0000660f       ?glutMainLoop@@$$J0YAXXZ   000000014000760f f   freeglut:freeglut.dll
 0001:0000660f       glutMainLoop               000000014000760f f   freeglut:freeglut.dll
 0001:00006615       ?glEnable@@$$J0YAXI@Z      0000000140007615 f   opengl32:OPENGL32.dll
 0001:00006615       glEnable                   0000000140007615 f   opengl32:OPENGL32.dll
 0001:0000661b       ?glGenTextures@@$$J0YAXHPEAI@Z 000000014000761b f   opengl32:OPENGL32.dll
 0001:0000661b       glGenTextures              000000014000761b f   opengl32:OPENGL32.dll
 0001:00006621       ?glBindTexture@@$$J0YAXII@Z 0000000140007621 f   opengl32:OPENGL32.dll
 0001:00006621       glBindTexture              0000000140007621 f   opengl32:OPENGL32.dll
 0001:00006627       ?glTexEnvf@@$$J0YAXIIM@Z   0000000140007627 f   opengl32:OPENGL32.dll
 0001:00006627       glTexEnvf                  0000000140007627 f   opengl32:OPENGL32.dll
 0001:0000662d       ?glTexParameterf@@$$J0YAXIIM@Z 000000014000762d f   opengl32:OPENGL32.dll
 0001:0000662d       glTexParameterf            000000014000762d f   opengl32:OPENGL32.dll
 0001:00006633       ?glTexImage2D@@$$J0YAXIHHHHHIIPEBX@Z 0000000140007633 f   opengl32:OPENGL32.dll
 0001:00006633       glTexImage2D               0000000140007633 f   opengl32:OPENGL32.dll
 0001:00006639       ?glDisable@@$$J0YAXI@Z     0000000140007639 f   opengl32:OPENGL32.dll
 0001:00006639       glDisable                  0000000140007639 f   opengl32:OPENGL32.dll
 0001:0000663f       ?glViewport@@$$J0YAXHHHH@Z 000000014000763f f   opengl32:OPENGL32.dll
 0001:0000663f       glViewport                 000000014000763f f   opengl32:OPENGL32.dll
 0001:00006645       ?glMatrixMode@@$$J0YAXI@Z  0000000140007645 f   opengl32:OPENGL32.dll
 0001:00006645       glMatrixMode               0000000140007645 f   opengl32:OPENGL32.dll
 0001:0000664b       ?glLoadIdentity@@$$J0YAXXZ 000000014000764b f   opengl32:OPENGL32.dll
 0001:0000664b       glLoadIdentity             000000014000764b f   opengl32:OPENGL32.dll
 0001:00006651       ?glOrtho@@$$J0YAXNNNNNN@Z  0000000140007651 f   opengl32:OPENGL32.dll
 0001:00006651       glOrtho                    0000000140007651 f   opengl32:OPENGL32.dll
 0001:00006657       ?glClear@@$$J0YAXI@Z       0000000140007657 f   opengl32:OPENGL32.dll
 0001:00006657       glClear                    0000000140007657 f   opengl32:OPENGL32.dll
 0001:0000665d       ?glBegin@@$$J0YAXI@Z       000000014000765d f   opengl32:OPENGL32.dll
 0001:0000665d       glBegin                    000000014000765d f   opengl32:OPENGL32.dll
 0001:00006663       ?glColor3f@@$$J0YAXMMM@Z   0000000140007663 f   opengl32:OPENGL32.dll
 0001:00006663       glColor3f                  0000000140007663 f   opengl32:OPENGL32.dll
 0001:00006669       ?glTexCoord2f@@$$J0YAXMM@Z 0000000140007669 f   opengl32:OPENGL32.dll
 0001:00006669       glTexCoord2f               0000000140007669 f   opengl32:OPENGL32.dll
 0001:0000666f       ?glVertex2f@@$$J0YAXMM@Z   000000014000766f f   opengl32:OPENGL32.dll
 0001:0000666f       glVertex2f                 000000014000766f f   opengl32:OPENGL32.dll
 0001:00006675       ?glEnd@@$$J0YAXXZ          0000000140007675 f   opengl32:OPENGL32.dll
 0001:00006675       glEnd                      0000000140007675 f   opengl32:OPENGL32.dll
 0001:0000667b       ?glFlush@@$$J0YAXXZ        000000014000767b f   opengl32:OPENGL32.dll
 0001:0000667b       glFlush                    000000014000767b f   opengl32:OPENGL32.dll
 0001:00006681       ?glDeleteTextures@@$$J0YAXHPEBI@Z 0000000140007681 f   opengl32:OPENGL32.dll
 0001:00006681       glDeleteTextures           0000000140007681 f   opengl32:OPENGL32.dll
 0001:00006690       ??2@$$FYAPEAX_K@Z          0000000140007690 f   MSVCRTD:new_scalar.obj
 0001:00006690       ??2@YAPEAX_K@Z             0000000140007690 f   MSVCRTD:new_scalar.obj
 0001:000066e0       ??_V@$$FYAXPEAX_K@Z        00000001400076e0 f   MSVCRTD:delete_array_size.obj
 0001:000066e0       ??_V@YAXPEAX_K@Z           00000001400076e0 f   MSVCRTD:delete_array_size.obj
 0001:00006700       ??_V@YAXPEAX@Z             0000000140007700 f   MSVCRTD:delete_array.obj
 0001:00006718       ?Sleep@@$$J0YAXK@Z         0000000140007718 f   kernel32:KERNEL32.dll
 0001:00006718       Sleep                      0000000140007718 f   kernel32:KERNEL32.dll
 0001:0000671e       ?memcpy@@$$J0YAPEAXPEAXPEBX_K@Z 000000014000771e f   vcruntimed:VCRUNTIME140D.dll
 0001:0000671e       memcpy                     000000014000771e f   vcruntimed:VCRUNTIME140D.dll
 0001:00006724       ?__CxxQueryExceptionSize@@$$J0YAHXZ 0000000140007724 f   vcruntimed:VCRUNTIME140D.dll
 0001:00006724       __CxxQueryExceptionSize    0000000140007724 f   vcruntimed:VCRUNTIME140D.dll
 0001:0000672a       ?__CxxExceptionFilter@@$$J0YAHPEAX0H0@Z 000000014000772a f   vcruntimed:VCRUNTIME140D.dll
 0001:0000672a       __CxxExceptionFilter       000000014000772a f   vcruntimed:VCRUNTIME140D.dll
 0001:00006730       ?__CxxRegisterExceptionObject@@$$J0YAHPEAX0@Z 0000000140007730 f   vcruntimed:VCRUNTIME140D.dll
 0001:00006730       __CxxRegisterExceptionObject 0000000140007730 f   vcruntimed:VCRUNTIME140D.dll
 0001:00006736       ?__CxxDetectRethrow@@$$J0YAHPEAX@Z 0000000140007736 f   vcruntimed:VCRUNTIME140D.dll
 0001:00006736       __CxxDetectRethrow         0000000140007736 f   vcruntimed:VCRUNTIME140D.dll
 0001:0000673c       ?__CxxUnregisterExceptionObject@@$$J0YAXPEAXH@Z 000000014000773c f   vcruntimed:VCRUNTIME140D.dll
 0001:0000673c       __CxxUnregisterExceptionObject 000000014000773c f   vcruntimed:VCRUNTIME140D.dll
 0001:00006742       ?__FrameUnwindFilter@@$$J0YAHPEAU_EXCEPTION_POINTERS@@@Z 0000000140007742 f   vcruntimed:VCRUNTIME140D.dll
 0001:00006742       __FrameUnwindFilter        0000000140007742 f   vcruntimed:VCRUNTIME140D.dll
 0001:00006748       ?_CrtDbgReport@@$$J0YAHHPEBDH00ZZ 0000000140007748 f   ucrtd:ucrtbased.dll
 0001:00006748       _CrtDbgReport              0000000140007748 f   ucrtd:ucrtbased.dll
 0001:0000674e       ?_invalid_parameter@@$$J0YAXPEB_W00I_K@Z 000000014000774e f   ucrtd:ucrtbased.dll
 0001:0000674e       _invalid_parameter         000000014000774e f   ucrtd:ucrtbased.dll
 0001:00006754       ?abort@@$$J0YAXXZ          0000000140007754 f   ucrtd:ucrtbased.dll
 0001:00006754       abort                      0000000140007754 f   ucrtd:ucrtbased.dll
 0001:0000675a       _callnewh                  000000014000775a f   ucrtd:ucrtbased.dll
 0001:00006760       malloc                     0000000140007760 f   ucrtd:ucrtbased.dll
 0001:00006766       _CorExeMain                0000000140007766 f   MSCOREE:mscoree.dll
 0001:00006780       _guard_dispatch_icall_nop  0000000140007780 f   MSVCRTD:guard_dispatch.obj
 0001:000067a0       _guard_xfg_dispatch_icall_nop 00000001400077a0 f   MSVCRTD:guard_xfg_dispatch.obj
 0002:00000000       __t2m@??0exception@std@@QEAA@AEBV01@@Z 0000000140008000 f i Uebung1.obj
 0002:00000010       __t2m@??0exception_ptr@std@@QEAA@AEBV01@@Z 0000000140008010 f i Uebung1.obj
 0002:00000020       __t2m@??0bad_alloc@std@@QEAA@AEBV01@@Z 0000000140008020 f i Uebung1.obj
 0002:00000030       __t2m@??0bad_array_new_length@std@@QEAA@AEBV01@@Z 0000000140008030 f i Uebung1.obj
 0002:00000040       __t2m@?<MarshalCopy>@exception_ptr@std@@SMXPEAV12@0@Z 0000000140008040 f i Uebung1.obj
 0002:00000050       __t2m@?<MarshalDestroy>@exception_ptr@std@@SMXPEAV12@@Z 0000000140008050 f i Uebung1.obj
 0002:00000060       __t2m@??0bad_variant_access@std@@QEAA@AEBV01@@Z 0000000140008060 f i Uebung1.obj
 0002:00000070       __t2m@??0?$tuple@$$V@std@@QEAA@AEBV01@@Z 0000000140008070 f i Uebung1.obj
 0002:00000080       __t2m@??0runtime_error@std@@QEAA@AEBV01@@Z 0000000140008080 f i Uebung1.obj
 0002:00000090       __t2m@??0range_error@std@@QEAA@AEBV01@@Z 0000000140008090 f i Uebung1.obj
 0002:000000a0       __t2m@??0_System_error@std@@QEAA@AEBV01@@Z 00000001400080a0 f i Uebung1.obj
 0002:000000b0       __t2m@??0system_error@std@@QEAA@AEBV01@@Z 00000001400080b0 f i Uebung1.obj
 0002:000000c0       __t2m@??0bad_cast@std@@QEAA@AEBV01@@Z 00000001400080c0 f i Uebung1.obj
 0002:000000d0       __t2m@??0bad_weak_ptr@std@@QEAA@AEBV01@@Z 00000001400080d0 f i Uebung1.obj
 0002:000000e0       __t2m@??0locale@std@@QEAA@AEBV01@@Z 00000001400080e0 f i Uebung1.obj
 0002:000000f0       __t2m@??0failure@ios_base@std@@QEAA@AEBV012@@Z 00000001400080f0 f i Uebung1.obj
 0002:00000100       ?manageTexture@@YAXXZ      0000000140008100 f   Uebung1.obj
 0002:00000110       ?reshape@@YAXHH@Z          0000000140008110 f   Uebung1.obj
 0002:00000120       ?clearImage@@YAXVColor@@@Z 0000000140008120 f   Uebung1.obj
 0002:00000130       ?stuff@@YAXXZ              0000000140008130 f   Uebung1.obj
 0002:00000140       __t2m@??0?$allocator@D@std@@QEAA@AEBV01@@Z 0000000140008140 f i Uebung1.obj
 0002:00000150       ?setPoint@@YAXVPoint@@VColor@@@Z 0000000140008150 f   Uebung1.obj
 0002:00000160       ?bhamLine@@YAXVPoint@@0VColor@@@Z 0000000140008160 f   Uebung1.obj
 0002:00000170       ?bhamCircle@@YAXVPoint@@HVColor@@@Z 0000000140008170 f   Uebung1.obj
 0002:00000180       ?display@@YAXXZ            0000000140008180 f   Uebung1.obj
 0002:00000190       main                       0000000140008190 f   Uebung1.obj
 0002:000001a0       __t2m@??0_Iterator_base12@std@@QEAA@AEBU01@@Z 00000001400081a0 f i Uebung1.obj
 0002:000001b0       __t2m@??0?$basic_string@DU?$char_traits@D@std@@V?$allocator@D@2@@std@@QEAA@AEBV01@@Z 00000001400081b0 f i Uebung1.obj
 0002:000001c0       __t2m@?<MarshalCopy>@?$basic_string@DU?$char_traits@D@std@@V?$allocator@D@2@@std@@SMXPEAV12@0@Z 00000001400081c0 f i Uebung1.obj
 0002:000001d0       __t2m@?<MarshalDestroy>@?$basic_string@DU?$char_traits@D@std@@V?$allocator@D@2@@std@@SMXPEAV12@@Z 00000001400081d0 f i Uebung1.obj
 0002:000001e0       __t2m@??2@YAPEAX_KPEAXU__clr_placement_new_t@?A0x19e302fa@@@Z 00000001400081e0 f i Uebung1.obj
 0002:000001f0       __t2m@??2@YAPEAX_KPEAX@Z   00000001400081f0 f i Uebung1.obj
 0002:00000200       __t2m@?is_constant_evaluated@std@@YA_NXZ 0000000140008200 f i Uebung1.obj
 0002:00000210       __t2m@??0exception@std@@QEAA@QEBDH@Z 0000000140008210 f i Uebung1.obj
 0002:00000220       ??_Eexception@std@@UEAAPEAXI@Z 0000000140008220 f i Uebung1.obj
 0002:00000220       __t2m@??_Eexception@std@@UEAAPEAXI@Z 0000000140008220 f i Uebung1.obj
 0002:00000230       __t2m@?what@exception@std@@UEBAPEBDXZ 0000000140008230 f i Uebung1.obj
 0002:00000240       __t2m@??1exception@std@@UEAA@XZ 0000000140008240 f i Uebung1.obj
 0002:00000250       __t2m@??0bad_alloc@std@@AEAA@QEBD@Z 0000000140008250 f i Uebung1.obj
 0002:00000260       ??_Ebad_alloc@std@@UEAAPEAXI@Z 0000000140008260 f i Uebung1.obj
 0002:00000260       __t2m@??_Ebad_alloc@std@@UEAAPEAXI@Z 0000000140008260 f i Uebung1.obj
 0002:00000270       __t2m@??1bad_alloc@std@@UEAA@XZ 0000000140008270 f i Uebung1.obj
 0002:00000280       __t2m@??0bad_array_new_length@std@@QEAA@XZ 0000000140008280 f i Uebung1.obj
 0002:00000290       ??_Ebad_array_new_length@std@@UEAAPEAXI@Z 0000000140008290 f i Uebung1.obj
 0002:00000290       __t2m@??_Ebad_array_new_length@std@@UEAAPEAXI@Z 0000000140008290 f i Uebung1.obj
 0002:000002a0       __t2m@??1exception_ptr@std@@QEAA@XZ 00000001400082a0 f i Uebung1.obj
 0002:000002b0       __t2m@?_Throw_bad_array_new_length@std@@YAXXZ 00000001400082b0 f i Uebung1.obj
 0002:000002c0       __t2m@??1bad_array_new_length@std@@UEAA@XZ 00000001400082c0 f i Uebung1.obj
 0002:000002d0       ??_Ebad_variant_access@std@@UEAAPEAXI@Z 00000001400082d0 f i Uebung1.obj
 0002:000002d0       __t2m@??_Ebad_variant_access@std@@UEAAPEAXI@Z 00000001400082d0 f i Uebung1.obj
 0002:000002e0       ?what@bad_variant_access@std@@UEBAPEBDXZ 00000001400082e0 f i Uebung1.obj
 0002:000002e0       __t2m@?what@bad_variant_access@std@@UEBAPEBDXZ 00000001400082e0 f i Uebung1.obj
 0002:000002f0       __t2m@?max@?$numeric_limits@_J@std@@SA_JXZ 00000001400082f0 f i Uebung1.obj
 0002:00000300       __t2m@?_Allocate@_Default_allocate_traits@std@@SAPEAX_K@Z 0000000140008300 f i Uebung1.obj
 0002:00000310       __t2m@?_Adjust_manually_vector_aligned@std@@YAXAEAPEAXAEA_K@Z 0000000140008310 f i Uebung1.obj
 0002:00000320       __t2m@??0_Container_proxy@std@@QEAA@PEAU_Container_base12@1@@Z 0000000140008320 f i Uebung1.obj
 0002:00000330       __t2m@??0_Container_base12@std@@QEAA@XZ 0000000140008330 f i Uebung1.obj
 0002:00000340       __t2m@?_Orphan_me_unlocked_v3@_Iterator_base12@std@@AEAAXXZ 0000000140008340 f i Uebung1.obj
 0002:00000350       __t2m@?_Swap_proxy_and_iterators_unlocked@_Container_base12@std@@AEAAXAEAU12@@Z 0000000140008350 f i Uebung1.obj
 0002:00000360       __t2m@?_Release@_Basic_container_proxy_ptr12@std@@QEAAXXZ 0000000140008360 f i Uebung1.obj
 0002:00000370       __t2m@??0_Basic_container_proxy_ptr12@std@@IEAA@XZ 0000000140008370 f i Uebung1.obj
 0002:00000380       __t2m@?_Xlen_string@std@@YAXXZ 0000000140008380 f i Uebung1.obj
 0002:00000390       __t2m@??1runtime_error@std@@UEAA@XZ 0000000140008390 f i Uebung1.obj
 0002:000003a0       ??_Eruntime_error@std@@UEAAPEAXI@Z 00000001400083a0 f i Uebung1.obj
 0002:000003a0       __t2m@??_Eruntime_error@std@@UEAAPEAXI@Z 00000001400083a0 f i Uebung1.obj
 0002:000003b0       ??_Erange_error@std@@UEAAPEAXI@Z 00000001400083b0 f i Uebung1.obj
 0002:000003b0       __t2m@??_Erange_error@std@@UEAAPEAXI@Z 00000001400083b0 f i Uebung1.obj
 0002:000003c0       __t2m@??1_System_error@std@@UEAA@XZ 00000001400083c0 f i Uebung1.obj
 0002:000003d0       __t2m@??1system_error@std@@UEAA@XZ 00000001400083d0 f i Uebung1.obj
 0002:000003e0       ??_E_System_error@std@@UEAAPEAXI@Z 00000001400083e0 f i Uebung1.obj
 0002:000003e0       __t2m@??_E_System_error@std@@UEAAPEAXI@Z 00000001400083e0 f i Uebung1.obj
 0002:000003f0       ??_Esystem_error@std@@UEAAPEAXI@Z 00000001400083f0 f i Uebung1.obj
 0002:000003f0       __t2m@??_Esystem_error@std@@UEAAPEAXI@Z 00000001400083f0 f i Uebung1.obj
 0002:00000400       ??_Ebad_cast@std@@UEAAPEAXI@Z 0000000140008400 f i Uebung1.obj
 0002:00000400       __t2m@??_Ebad_cast@std@@UEAAPEAXI@Z 0000000140008400 f i Uebung1.obj
 0002:00000410       ??_Ebad_weak_ptr@std@@UEAAPEAXI@Z 0000000140008410 f i Uebung1.obj
 0002:00000410       __t2m@??_Ebad_weak_ptr@std@@UEAAPEAXI@Z 0000000140008410 f i Uebung1.obj
 0002:00000420       ?what@bad_weak_ptr@std@@UEBAPEBDXZ 0000000140008420 f i Uebung1.obj
 0002:00000420       __t2m@?what@bad_weak_ptr@std@@UEBAPEBDXZ 0000000140008420 f i Uebung1.obj
 0002:00000430       ??_Efailure@ios_base@std@@UEAAPEAXI@Z 0000000140008430 f i Uebung1.obj
 0002:00000430       __t2m@??_Efailure@ios_base@std@@UEAAPEAXI@Z 0000000140008430 f i Uebung1.obj
 0002:00000440       glutInit_ATEXIT_HACK@0x19e302fa 0000000140008440 f   Uebung1.obj
 0002:00000450       glutCreateWindow_ATEXIT_HACK@0x19e302fa 0000000140008450 f   Uebung1.obj
 0002:00000460       __t2m@??0Point@@QEAA@HH@Z  0000000140008460 f i Uebung1.obj
 0002:00000470       __t2m@??0Color@@QEAA@MMM@Z 0000000140008470 f i Uebung1.obj
 0002:00000480       __t2m@??Bsentry@?$basic_ostream@DU?$char_traits@D@std@@@std@@QEBA_NXZ 0000000140008480 f i Uebung1.obj
 0002:00000490       __t2m@??1_Bxty@?$_String_val@U?$_Simple_types@D@std@@@std@@QEAA@XZ 0000000140008490 f i Uebung1.obj
 0002:000004a0       __t2m@?select_on_container_copy_construction@?$_Default_allocator_traits@V?$allocator@D@std@@@std@@SA?AV?$allocator@D@2@AEBV32@@Z 00000001400084a0 f i Uebung1.obj
 0002:000004b0       __t2m@?eof@?$_Narrow_char_traits@DH@std@@SAHXZ 00000001400084b0 f i Uebung1.obj
 0002:000004c0       __t2m@?eq_int_type@?$_Narrow_char_traits@DH@std@@SA_NAEBH0@Z 00000001400084c0 f i Uebung1.obj
[...]
 0001:fffff06b       __catch$?SingletonDomainUnload@ModuleUninitializer@<CrtImplementationDetails>@@$$FAE$AAMXPE$AAVObject@System@@PE$AAVEventArgs@4@@Z$2 000000014000006b f   MSVCMRTD:pureMSILcode.obj
 0001:00001a14       $LN21                      0000000140002a14 f i Uebung1.obj
 0001:00001a14       __catch$??$?6U?$char_traits@D@std@@@std@@$$FYAAEAV?$basic_ostream@DU?$char_traits@D@std@@@0@AEAV10@PEBD@Z$0 0000000140002a14 f i Uebung1.obj
 0001:00001a2d       $LN43                      0000000140002a2d f i Uebung1.obj
 0001:00001a50       $LN25                      0000000140002a50 f i Uebung1.obj
 0001:00001a50       __catch$??$?6U?$char_traits@D@std@@@std@@$$FYAAEAV?$basic_ostream@DU?$char_traits@D@std@@@0@AEAV10@PEBD@Z$1 0000000140002a50 f i Uebung1.obj
 0001:00001a5f       $LN46                      0000000140002a5f f i Uebung1.obj
 0001:00001a69       __catch$??$?6U?$char_traits@D@std@@@std@@$$FYAAEAV?$basic_ostream@DU?$char_traits@D@std@@@0@AEAV10@PEBD@Z$2 0000000140002a69 f i Uebung1.obj
 0001:00002cc0       ?pre_c_initialization@@YAHXZ 0000000140003cc0 f   MSVCRTD:exe_main.obj
 0001:00002d80       ?post_pgo_initialization@@YAHXZ 0000000140003d80 f   MSVCRTD:exe_main.obj
 0001:00002d90       ?pre_cpp_initialization@@YAXXZ 0000000140003d90 f   MSVCRTD:exe_main.obj
 0001:00002db0       ?__scrt_common_main@@YAHXZ 0000000140003db0 f   MSVCRTD:exe_main.obj
 0001:00002dd0       ?__scrt_common_main_seh@@YAHXZ 0000000140003dd0 f   MSVCRTD:exe_main.obj
 0001:00002fa0       ?invoke_main@@YAHXZ        0000000140003fa0 f   MSVCRTD:exe_main.obj
 0001:00003080       ?find_pe_section@@YAPEAU_IMAGE_SECTION_HEADER@@QEAE_K@Z 0000000140004080 f   MSVCRTD:utility.obj
 0001:00003150       ?is_potentially_valid_image_base@@YA_NQEAX@Z 0000000140004150 f   MSVCRTD:utility.obj
 0001:00003730       __get_entropy              0000000140004730 f   MSVCRTD:gs_support.obj
 0001:00003f30       __castguard_check_failure_os_handled_wrapper 0000000140004f30 f   MSVCRTD:guard_support.obj
 0001:00003f90       __castguard_check_failure_user_handled_wrapper 0000000140004f90 f   MSVCRTD:guard_support.obj
 0001:00003fd0       __castguard_compat_check   0000000140004fd0 f   MSVCRTD:guard_support.obj
 0001:000041b0       __castguard_slow_path_compat_check 00000001400051b0 f   MSVCRTD:guard_support.obj
 0001:000047b0       $$000000                   00000001400057b0     MSVCRTD:amdsecgs.obj
 0001:00004ad0       capture_current_context    0000000140005ad0 f   MSVCRTD:gs_report.obj
 0001:00004b70       capture_previous_context   0000000140005b70 f   MSVCRTD:gs_report.obj
 0001:00005087       __catch$?AddHandler@ModuleUninitializer@<CrtImplementationDetails>@@$$FQE$AAMXPE$AAVEventHandler@System@@@Z$0 0000000140006087 f i MSVCMRTD:mstartup.obj
 0001:00005104       __catch$?SingletonDomainUnload@ModuleUninitializer@<CrtImplementationDetails>@@$$FAE$AAMXPE$AAVObject@System@@PE$AAVEventArgs@4@@Z$0 0000000140006104 f i MSVCMRTD:mstartup.obj
 0001:0000511f       __catch$?SingletonDomainUnload@ModuleUninitializer@<CrtImplementationDetails>@@$$FAE$AAMXPE$AAVObject@System@@PE$AAVEventArgs@4@@Z$2 000000014000611f f i MSVCMRTD:mstartup.obj
 0001:00005230       __catch$?__get_default_appdomain@@$$FYAJPEAPEAUIUnknown@@@Z$0 0000000140006230 f i MSVCMRTD:mstartup.obj
 0001:000052f1       __catch$?GetDefaultDomain@<CrtImplementationDetails>@@$$FYMPE$AAVAppDomain@System@@XZ$0 00000001400062f1 f i MSVCMRTD:mstartup.obj
 0001:00005388       __catch$?DoCallBackInDefaultDomain@<CrtImplementationDetails>@@$$FYAXP6AJPEAX@Z0@Z$0 0000000140006388 f i MSVCMRTD:mstartup.obj
 0001:0000595a       __catch$?_Initialize@LanguageSupport@<CrtImplementationDetails>@@$$FAEAAXXZ$0 000000014000695a f i MSVCMRTD:mstartup.obj
 0001:000059af       __catch$?_Initialize@LanguageSupport@<CrtImplementationDetails>@@$$FAEAAXXZ$2 00000001400069af f i MSVCMRTD:mstartup.obj
 0001:00005a40       __catch$?Cleanup@LanguageSupport@<CrtImplementationDetails>@@$$FAEAMXPE$AAVException@System@@@Z$0 0000000140006a40 f i MSVCMRTD:mstartup.obj
 0001:00005a4a       __catch$?Cleanup@LanguageSupport@<CrtImplementationDetails>@@$$FAEAMXPE$AAVException@System@@@Z$1 0000000140006a4a f i MSVCMRTD:mstartup.obj
 0001:00005ae2       __catch$?Initialize@LanguageSupport@<CrtImplementationDetails>@@$$FQEAAXXZ$0 0000000140006ae2 f i MSVCMRTD:mstartup.obj
 0001:00005af8       __catch$?Initialize@LanguageSupport@<CrtImplementationDetails>@@$$FQEAAXXZ$2 0000000140006af8 f i MSVCMRTD:mstartup.obj
 0001:00005b11       __catch$?Initialize@LanguageSupport@<CrtImplementationDetails>@@$$FQEAAXXZ$3 0000000140006b11 f i MSVCMRTD:mstartup.obj
 0001:00005e86       __catch$?_atexit_helper@@$$J0YMHP6MXXZPEA_KPEAPEAP6MXXZ2@Z$0 0000000140006e86 f   MSVCMRTD:msilexit.obj
 0001:00005ee5       __catch$?_atexit_helper@@$$J0YMHP6MXXZPEA_KPEAPEAP6MXXZ2@Z$2 0000000140006ee5 f   MSVCMRTD:msilexit.obj
 0001:00005eee       __catch$?_atexit_helper@@$$J0YMHP6MXXZPEA_KPEAPEAP6MXXZ2@Z$3 0000000140006eee f   MSVCMRTD:msilexit.obj
 0001:00006770       $$000000                   0000000140007770     MSVCRTD:guard_dispatch.obj
 0001:00006790       $$000000                   0000000140007790     MSVCRTD:guard_xfg_dispatch.obj
 0001:000067b0       ?filt$0@?0??__scrt_common_main_seh@@YAHXZ@4HA 00000001400077b0 f   MSVCRTD:exe_main.obj
 0001:000067e0       __scrt_is_nonwritable_in_current_image$filt$0 00000001400077e0 f   MSVCRTD:utility.obj
 0003:000003f0       ?pre_cpp_initializer@@3P6AXXZEA 00000001400093f0     MSVCRTD:exe_main.obj
 0003:00000408       ?pre_c_initializer@@3P6AHXZEA 0000000140009408     MSVCRTD:exe_main.obj
 0003:00000410       ?post_pgo_initializer@@3P6AHXZEA 0000000140009410     MSVCRTD:exe_main.obj
 0003:00000448       ?Initialized$initializer$@CurrentDomain@<CrtImplementationDetails>@@$$Q2P6MXXZEA 0000000140009448     MSVCMRTD:mstartup.obj
 0003:00000450       ?Uninitialized$initializer$@CurrentDomain@<CrtImplementationDetails>@@$$Q2P6MXXZEA 0000000140009450     MSVCMRTD:mstartup.obj
 0003:00000458       ?IsDefaultDomain$initializer$@CurrentDomain@<CrtImplementationDetails>@@$$Q2P6MXXZEA 0000000140009458     MSVCMRTD:mstartup.obj
 0003:00000460       ?InitializedVtables$initializer$@CurrentDomain@<CrtImplementationDetails>@@$$Q2P6MXXZEA 0000000140009460     MSVCMRTD:mstartup.obj
 0003:00000468       ?InitializedNative$initializer$@CurrentDomain@<CrtImplementationDetails>@@$$Q2P6MXXZEA 0000000140009468     MSVCMRTD:mstartup.obj
 0003:00000470       ?InitializedPerProcess$initializer$@CurrentDomain@<CrtImplementationDetails>@@$$Q2P6MXXZEA 0000000140009470     MSVCMRTD:mstartup.obj
 0003:00000478       ?InitializedPerAppDomain$initializer$@CurrentDomain@<CrtImplementationDetails>@@$$Q2P6MXXZEA 0000000140009478     MSVCMRTD:mstartup.obj
 0003:000004b0       $SG101483                  00000001400094b0     Uebung1.obj
 0003:00000514       $SG94474                   0000000140009514     Uebung1.obj
 0003:00000518       $SG94475                   0000000140009518     Uebung1.obj
 0003:00000520       $SG94476                   0000000140009520     Uebung1.obj
 0003:00000540       $SG102733                  0000000140009540     Uebung1.obj
 0003:00000554       $SG102734                  0000000140009554     Uebung1.obj
 0003:00000560       $SG102735                  0000000140009560     Uebung1.obj
 0003:000005d0       $SG102736                  00000001400095d0     Uebung1.obj
 0003:00000694       $SG102737                  0000000140009694     Uebung1.obj
 0003:00000698       $SG102738                  0000000140009698     Uebung1.obj
 0003:000006c0       $SG94553                   00000001400096c0     Uebung1.obj
 0003:000008f0       __unep@?exit@@$$J0YAXH@Z   00000001400098f0     Uebung1.obj
 0003:00000a60       GS_ExceptionPointers       0000000140009a60     MSVCRTD:gs_report.obj
 0003:0001c308       $unwind$??_Gtype_info@@UEAAPEAXI@Z 0000000140025308     MSVCRTD:std_type_info_static.obj
 0003:0001c310       $unwind$??0exception@std@@QEAA@QEBDH@Z 0000000140025310     MSVCRTD:throw_bad_alloc.obj
 0003:0001c318       $unwind$??0exception@std@@QEAA@AEBV01@@Z 0000000140025318     MSVCRTD:throw_bad_alloc.obj
 0003:0001c320       $unwind$??1exception@std@@UEAA@XZ 0000000140025320     MSVCRTD:throw_bad_alloc.obj
 0003:0001c328       $unwind$?what@exception@std@@UEBAPEBDXZ 0000000140025328     MSVCRTD:throw_bad_alloc.obj
 0003:0001c330       $unwind$??_Gexception@std@@UEAAPEAXI@Z 0000000140025330     MSVCRTD:throw_bad_alloc.obj
 0003:0001c338       $unwind$??0bad_alloc@std@@QEAA@XZ 0000000140025338     MSVCRTD:throw_bad_alloc.obj
 0003:0001c340       $unwind$??0bad_alloc@std@@AEAA@QEBD@Z 0000000140025340     MSVCRTD:throw_bad_alloc.obj
 0003:0001c348       $unwind$??1bad_alloc@std@@UEAA@XZ 0000000140025348     MSVCRTD:throw_bad_alloc.obj
 0003:0001c350       $unwind$??0bad_alloc@std@@QEAA@AEBV01@@Z 0000000140025350     MSVCRTD:throw_bad_alloc.obj
 0003:0001c358       $unwind$??_Gbad_alloc@std@@UEAAPEAXI@Z 0000000140025358     MSVCRTD:throw_bad_alloc.obj
 0003:0001c360       $unwind$??0bad_array_new_length@std@@QEAA@XZ 0000000140025360     MSVCRTD:throw_bad_alloc.obj
 0003:0001c368       $unwind$??1bad_array_new_length@std@@UEAA@XZ 0000000140025368     MSVCRTD:throw_bad_alloc.obj
 0003:0001c370       $unwind$??0bad_array_new_length@std@@QEAA@AEBV01@@Z 0000000140025370     MSVCRTD:throw_bad_alloc.obj
 0003:0001c378       $unwind$??_Gbad_array_new_length@std@@UEAAPEAXI@Z 0000000140025378     MSVCRTD:throw_bad_alloc.obj
 0003:0001c380       $unwind$?__scrt_throw_std_bad_alloc@@YAXXZ 0000000140025380     MSVCRTD:throw_bad_alloc.obj
 0003:0001c388       $unwind$?__scrt_throw_std_bad_array_new_length@@YAXXZ 0000000140025388     MSVCRTD:throw_bad_alloc.obj
 0003:0001c390       $unwind$?configure_argv@__scrt_narrow_argv_policy@@SAHXZ 0000000140025390     MSVCRTD:exe_main.obj
 0003:0001c398       $unwind$?initialize_environment@__scrt_narrow_environment_policy@@SAHXZ 0000000140025398     MSVCRTD:exe_main.obj
 0003:0001c3a0       $unwind$?set_app_type@__scrt_main_policy@@SAXXZ 00000001400253a0     MSVCRTD:exe_main.obj
 0003:0001c3a8       $unwind$?set_fmode@__scrt_file_policy@@SAXXZ 00000001400253a8     MSVCRTD:exe_main.obj
 0003:0001c3b0       $unwind$?set_commode@__scrt_file_policy@@SAXXZ 00000001400253b0     MSVCRTD:exe_main.obj
 0003:0001c3b8       $unwind$?invoke_main@@YAHXZ 00000001400253b8     MSVCRTD:exe_main.obj
 0003:0001c3c0       $unwind$?pre_c_initialization@@YAHXZ 00000001400253c0     MSVCRTD:exe_main.obj
 0003:0001c3c8       $unwind$?post_pgo_initialization@@YAHXZ 00000001400253c8     MSVCRTD:exe_main.obj
 0003:0001c3d0       $unwind$?pre_cpp_initialization@@YAXXZ 00000001400253d0     MSVCRTD:exe_main.obj
 0003:0001c3d8       $unwind$?__scrt_common_main_seh@@YAHXZ 00000001400253d8     MSVCRTD:exe_main.obj
 0003:0001c3f8       $unwind$?filt$0@?0??__scrt_common_main_seh@@YAHXZ@4HA 00000001400253f8     MSVCRTD:exe_main.obj
 0003:0001c400       $unwind$?__scrt_common_main@@YAHXZ 0000000140025400     MSVCRTD:exe_main.obj
 0003:0001c408       $unwind$mainCRTStartup     0000000140025408     MSVCRTD:exe_main.obj
 0003:0001c410       $unwind$??3@YAXPEAX_K@Z    0000000140025410     MSVCRTD:delete_scalar_size.obj
 0003:0001c418       $unwind$atexit             0000000140025418     MSVCRTD:utility.obj
 0003:0001c420       $unwind$_onexit            0000000140025420     MSVCRTD:utility.obj
 0003:0001c428       $unwind$at_quick_exit      0000000140025428     MSVCRTD:utility.obj
 0003:0001c430       $unwind$__scrt_is_nonwritable_in_current_image 0000000140025430     MSVCRTD:utility.obj
 0003:0001c450       $unwind$__scrt_is_nonwritable_in_current_image$filt$0 0000000140025450     MSVCRTD:utility.obj
 0003:0001c458       $unwind$__scrt_acquire_startup_lock 0000000140025458     MSVCRTD:utility.obj
 0003:0001c460       $unwind$__scrt_release_startup_lock 0000000140025460     MSVCRTD:utility.obj
 0003:0001c468       $unwind$__scrt_initialize_crt 0000000140025468     MSVCRTD:utility.obj
 0003:0001c470       $unwind$__scrt_uninitialize_crt 0000000140025470     MSVCRTD:utility.obj
 0003:0001c478       $unwind$__scrt_initialize_onexit_tables 0000000140025478     MSVCRTD:utility.obj
 0003:0001c484       $unwind$__scrt_dllmain_exception_filter 0000000140025484     MSVCRTD:utility.obj
 0003:0001c48c       $unwind$__scrt_dllmain_before_initialize_c 000000014002548c     MSVCRTD:utility.obj
 0003:0001c494       $unwind$__scrt_dllmain_after_initialize_c 0000000140025494     MSVCRTD:utility.obj
 0003:0001c49c       $unwind$__scrt_dllmain_uninitialize_c 000000014002549c     MSVCRTD:utility.obj
 0003:0001c4a4       $unwind$__scrt_dllmain_uninitialize_critical 00000001400254a4     MSVCRTD:utility.obj
 0003:0001c4ac       $unwind$__scrt_dllmain_crt_thread_attach 00000001400254ac     MSVCRTD:utility.obj
 0003:0001c4b4       $unwind$__scrt_dllmain_crt_thread_detach 00000001400254b4     MSVCRTD:utility.obj
 0003:0001c4bc       $unwind$?is_potentially_valid_image_base@@YA_NQEAX@Z 00000001400254bc     MSVCRTD:utility.obj
 0003:0001c4c4       $unwind$?find_pe_section@@YAPEAU_IMAGE_SECTION_HEADER@@QEAE_K@Z 00000001400254c4     MSVCRTD:utility.obj
 0003:0001c4cc       $unwind$__security_init_cookie 00000001400254cc     MSVCRTD:gs_support.obj
 0003:0001c4d4       $unwind$__get_entropy      00000001400254d4     MSVCRTD:gs_support.obj
 0003:0001c4dc       $unwind$?__scrt_initialize_type_info@@YAXXZ 00000001400254dc     MSVCRTD:tncleanup.obj
 0003:0001c4e4       $unwind$?__scrt_uninitialize_type_info@@YAXXZ 00000001400254e4     MSVCRTD:tncleanup.obj
 0003:0001c4ec       $unwind$__scrt_initialize_default_local_stdio_options 00000001400254ec     MSVCRTD:default_local_stdio_options.obj
 0003:0001c4f4       $unwind$__scrt_is_user_matherr_present 00000001400254f4     MSVCRTD:matherr_detection.obj
 0003:0001c4fc       $unwind$__scrt_get_show_window_mode 00000001400254fc     MSVCRTD:utility_desktop.obj
 0003:0001c508       $unwind$__scrt_is_managed_app 0000000140025508     MSVCRTD:utility_desktop.obj
 0003:0001c510       $unwind$__scrt_initialize_mta 0000000140025510     MSVCRTD:utility_desktop.obj
 0003:0001c518       $unwind$__scrt_set_unhandled_exception_filter 0000000140025518     MSVCRTD:utility_desktop.obj
 0003:0001c520       $unwind$__scrt_fastfail    0000000140025520     MSVCRTD:utility_desktop.obj
 0003:0001c52c       $unwind$__scrt_unhandled_exception_filter 000000014002552c     MSVCRTD:utility_desktop.obj
 0003:0001c534       $unwind$_RTC_Initialize    0000000140025534     MSVCRTD:initsect.obj
 0003:0001c540       $unwind$_RTC_Terminate     0000000140025540     MSVCRTD:initsect.obj
 0003:0001c54c       $unwind$ReadNoFence64      000000014002554c     MSVCRTD:guard_support.obj
 0003:0001c554       $unwind$ReadPointerNoFence 0000000140025554     MSVCRTD:guard_support.obj
 0003:0001c55c       $unwind$__castguard_set_user_handler 000000014002555c     MSVCRTD:guard_support.obj
 0003:0001c564       $unwind$_guard_icall_checks_enforced 0000000140025564     MSVCRTD:guard_support.obj
 0003:0001c56c       $unwind$__castguard_compat_check 000000014002556c     MSVCRTD:guard_support.obj
 0003:0001c574       $unwind$__castguard_check_failure_os_handled_wrapper 0000000140025574     MSVCRTD:guard_support.obj
 0003:0001c57c       $unwind$__castguard_check_failure_user_handled_wrapper 000000014002557c     MSVCRTD:guard_support.obj
 0003:0001c584       $unwind$__castguard_check_failure_debugbreak 0000000140025584     MSVCRTD:guard_support.obj
 0003:0001c58c       $unwind$__castguard_check_failure_fastfail 000000014002558c     MSVCRTD:guard_support.obj
 0003:0001c594       $unwind$__castguard_check_failure_os_handled 0000000140025594     MSVCRTD:guard_support.obj
 0003:0001c59c       $unwind$__castguard_check_failure_user_handled 000000014002559c     MSVCRTD:guard_support.obj
 0003:0001c5a4       $unwind$__castguard_slow_path_compat_check 00000001400255a4     MSVCRTD:guard_support.obj
 0003:0001c5ac       $unwind$__castguard_slow_path_check_debugbreak 00000001400255ac     MSVCRTD:guard_support.obj
 0003:0001c5b4       $unwind$__castguard_slow_path_check_fastfail 00000001400255b4     MSVCRTD:guard_support.obj
 0003:0001c5bc       $unwind$__castguard_slow_path_check_os_handled 00000001400255bc     MSVCRTD:guard_support.obj
 0003:0001c5c4       $unwind$__castguard_slow_path_check_user_handled 00000001400255c4     MSVCRTD:guard_support.obj
 0003:0001c5cc       $unwind$??3@YAXPEAX@Z      00000001400255cc     MSVCRTD:delete_scalar.obj
 0003:0001c5d4       $unwind$__isa_available_init 00000001400255d4     MSVCRTD:cpu_disp.obj
 0003:0001c5e4       $unwind$__scrt_is_ucrt_dll_in_use 00000001400255e4     MSVCRTD:ucrt_detection.obj
 0003:0001c5f0       $xdatasym                  00000001400255f0     MSVCRTD:guard_dispatch.obj
 0003:0001c5f8       $xdatasym                  00000001400255f8     MSVCRTD:guard_xfg_dispatch.obj
 0003:0001c5fc       $unwind$__GSHandlerCheckCommon 00000001400255fc     MSVCRTD:gshandler.obj
 0003:0001c604       $unwind$__GSHandlerCheck   0000000140025604     MSVCRTD:gshandler.obj
 0003:0001c610       $xdatasym                  0000000140025610     MSVCRTD:amdsecgs.obj
 0003:0001c614       $unwind$__report_securityfailure 0000000140025614     MSVCRTD:gs_report.obj
 0003:0001c61c       $unwind$__report_securityfailureEx 000000014002561c     MSVCRTD:gs_report.obj
 0003:0001c624       $unwind$__report_rangecheckfailure 0000000140025624     MSVCRTD:gs_report.obj
 0003:0001c62c       $unwind$__report_gsfailure 000000014002562c     MSVCRTD:gs_report.obj
 0003:0001c634       $unwind$capture_current_context 0000000140025634     MSVCRTD:gs_report.obj
 0003:0001c63c       $unwind$capture_previous_context 000000014002563c     MSVCRTD:gs_report.obj
 0003:0001c644       $unwind$__raise_securityfailure 0000000140025644     MSVCRTD:gs_report.obj
 0003:0001c64c       $unwind$?_getFiberPtrId@@YAPEAXXZ 000000014002564c     MSVCMRTD:mstartup.obj
 0003:0001c654       $unwind$??2@YAPEAX_K@Z     0000000140025654     MSVCRTD:new_scalar.obj
 0003:0001c65c       $unwind$??_V@YAXPEAX_K@Z   000000014002565c     MSVCRTD:delete_array_size.obj
 0003:0001c664       $unwind$??_V@YAXPEAX@Z     0000000140025664     MSVCRTD:delete_array.obj
 0003:0001cc64       .idata$6                   0000000140025c64     msvcprtd:MSVCP140D.dll
 0003:0001cde2       .idata$6                   0000000140025de2     kernel32:KERNEL32.dll
 0003:0001cea4       .idata$6                   0000000140025ea4     vcruntimed:VCRUNTIME140D.dll
 0003:0001d0b4       .idata$6                   00000001400260b4     ucrtd:ucrtbased.dll
 0003:0001d586       .idata$6                   0000000140026586     freeglut:freeglut.dll
 0003:0001d698       .idata$6                   0000000140026698     opengl32:OPENGL32.dll
 0003:0001d7aa       .idata$6                   00000001400267aa     MSCOREE:mscoree.dll
 0004:00003ec8       ?is_initialized_as_dll@@3_NA 000000014002aec8     MSVCRTD:utility.obj
 0004:00003ec9       ?module_local_atexit_table_initialized@@3_NA 000000014002aec9     MSVCRTD:utility.obj
 0004:00003ed0       ?module_local_atexit_table@@3U_onexit_table_t@@A 000000014002aed0     MSVCRTD:utility.obj
 0004:00003ee8       ?module_local_at_quick_exit_table@@3U_onexit_table_t@@A 000000014002aee8     MSVCRTD:utility.obj
 0004:00003f40       GS_ExceptionRecord         000000014002af40     MSVCRTD:gs_report.obj
 0004:00003fe0       GS_ContextRecord           000000014002afe0     MSVCRTD:gs_report.obj
 0004:00004638       __exit_list_size           000000014002b638     MSVCMRTD:msilexit.obj
 0004:00004640       __onexitbegin_m            000000014002b640     MSVCMRTD:msilexit.obj
 0004:00004648       __onexitend_m              000000014002b648     MSVCMRTD:msilexit.obj
 0006:00000060       $R000000                   000000014002d060     * linker generated manifest res *
